Component: ARM Compiler 5.06 update 7 (build 960) Tool: armlink [4d3601]

==============================================================================

Section Cross References

    main.o(i.Threshold_Init) refers to main.o(.data) for System
    main.o(i.Threshold_Init) refers to menu.o(.data) for Alarm1
    main.o(i.main) refers to delay.o(i.delay_init) for delay_init
    main.o(i.main) refers to sys.o(i.NVIC_Config) for NVIC_Config
    main.o(i.main) refers to misc.o(i.NVIC_PriorityGroupConfig) for NVIC_PriorityGroupConfig
    main.o(i.main) refers to my_usart1.o(i.My_USART1) for My_USART1
    main.o(i.main) refers to usart3.o(i.Usart3_Init) for Usart3_Init
    main.o(i.main) refers to led.o(i.LED_GPIO_Config) for LED_GPIO_Config
    main.o(i.main) refers to bsp_beep.o(i.Beep_Init) for Beep_Init
    main.o(i.main) refers to bsp_oled_iic.o(i.oled_Init) for oled_Init
    main.o(i.main) refers to gy30.o(i.BH1750_Init) for BH1750_Init
    main.o(i.main) refers to dht11.o(i.DHT11_Init) for DHT11_Init
    main.o(i.main) refers to key.o(i.KEY_Init) for KEY_Init
    main.o(i.main) refers to main.o(i.Threshold_Init) for Threshold_Init
    main.o(i.main) refers to time1.o(i.TIM1_Int_Init) for TIM1_Int_Init
    main.o(i.main) refers to myrtc.o(i.MyRTC_Init) for MyRTC_Init
    main.o(i.main) refers to gy30.o(i.Light_Intensity) for Light_Intensity
    main.o(i.main) refers to dht11.o(i.DHT11_Read_TempAndHumidity) for DHT11_Read_TempAndHumidity
    main.o(i.main) refers to menu.o(i.Mode_Decide) for Mode_Decide
    main.o(i.main) refers to f2d.o(.text) for __aeabi_f2d
    main.o(i.main) refers to usart3.o(i.u3_printf) for u3_printf
    main.o(i.main) refers to main.o(.data) for SensorData
    main.o(i.main) refers to dht11.o(.data) for dht11Data
    menu.o(i.AutoContrl) refers to bsp_beep.o(i.Beep_StateRefresh) for Beep_StateRefresh
    menu.o(i.AutoContrl) refers to led.o(i.LED_StateRefresh) for LED_StateRefresh
    menu.o(i.AutoContrl) refers to stm32f10x_gpio.o(i.GPIO_ResetBits) for GPIO_ResetBits
    menu.o(i.AutoContrl) refers to myrtc.o(.data) for MyRTC_Time
    menu.o(i.AutoContrl) refers to menu.o(.data) for Alarm1
    menu.o(i.AutoContrl) refers to main.o(.data) for System
    menu.o(i.AutoContrl) refers to key.o(.data) for isKey5
    menu.o(i.Inform_Show) refers to myrtc.o(i.MyRTC_ReadTime) for MyRTC_ReadTime
    menu.o(i.Inform_Show) refers to solar.o(i.get_day_of_solar) for get_day_of_solar
    menu.o(i.Inform_Show) refers to bsp_oled_iic.o(i.oled_ShowCHinese) for oled_ShowCHinese
    menu.o(i.Inform_Show) refers to bsp_oled_iic.o(i.oled_ShowNum) for oled_ShowNum
    menu.o(i.Inform_Show) refers to bsp_oled_iic.o(i.OLED_ShowChar) for OLED_ShowChar
    menu.o(i.Inform_Show) refers to ffixui.o(.text) for __aeabi_f2uiz
    menu.o(i.Inform_Show) refers to bsp_oled_iic.o(i.oled_ShowString) for oled_ShowString
    menu.o(i.Inform_Show) refers to menu.o(i.showChinaCalendar) for showChinaCalendar
    menu.o(i.Inform_Show) refers to myrtc.o(.data) for MyRTC_Time
    menu.o(i.Inform_Show) refers to menu.o(.data) for InterFace
    menu.o(i.Inform_Show) refers to dht11.o(.data) for dht11Data
    menu.o(i.Inform_Show) refers to main.o(.data) for SensorData
    menu.o(i.Mode_Decide) refers to bsp_oled_iic.o(i.oled_Clear) for oled_Clear
    menu.o(i.Mode_Decide) refers to usart3.o(i.Bluetooth_Analyse) for Bluetooth_Analyse
    menu.o(i.Mode_Decide) refers to menu.o(i.Inform_Show) for Inform_Show
    menu.o(i.Mode_Decide) refers to menu.o(i.AutoContrl) for AutoContrl
    menu.o(i.Mode_Decide) refers to menu.o(i.TimingSet) for TimingSet
    menu.o(i.Mode_Decide) refers to menu.o(i.ThresholdSet) for ThresholdSet
    menu.o(i.Mode_Decide) refers to key.o(.data) for isKey1
    menu.o(i.Mode_Decide) refers to menu.o(.data) for OperateMode
    menu.o(i.Mode_Decide) refers to main.o(.data) for System
    menu.o(i.ThresholdSet) refers to bsp_oled_iic.o(i.oled_ShowCHinese) for oled_ShowCHinese
    menu.o(i.ThresholdSet) refers to bsp_oled_iic.o(i.OLED_ShowChar) for OLED_ShowChar
    menu.o(i.ThresholdSet) refers to bsp_oled_iic.o(i.oled_ShowString) for oled_ShowString
    menu.o(i.ThresholdSet) refers to menu.o(i.Time_Limit) for Time_Limit
    menu.o(i.ThresholdSet) refers to printfa.o(i.__0sprintf) for __2sprintf
    menu.o(i.ThresholdSet) refers to key.o(.data) for isKey2
    menu.o(i.ThresholdSet) refers to menu.o(.data) for IndexFlag
    menu.o(i.TimingSet) refers to bsp_oled_iic.o(i.oled_ShowCHinese) for oled_ShowCHinese
    menu.o(i.TimingSet) refers to bsp_oled_iic.o(i.OLED_ShowChar) for OLED_ShowChar
    menu.o(i.TimingSet) refers to bsp_oled_iic.o(i.oled_ShowString) for oled_ShowString
    menu.o(i.TimingSet) refers to myrtc.o(i.MyRTC_SetTime) for MyRTC_SetTime
    menu.o(i.TimingSet) refers to myrtc.o(i.MyRTC_ReadTime) for MyRTC_ReadTime
    menu.o(i.TimingSet) refers to printfa.o(i.__0sprintf) for __2sprintf
    menu.o(i.TimingSet) refers to key.o(.data) for isKey2
[...]
    .ARM.Collect$$$$00000011                 0x08000100   Section        0  entry11a.o(.ARM.Collect$$$$00000011)
    .ARM.Collect$$$$00002712                 0x08000100   Section        4  entry2.o(.ARM.Collect$$$$00002712)
    __lit__00000000                          0x08000100   Data           4  entry2.o(.ARM.Collect$$$$00002712)
    .text                                    0x08000104   Section       36  startup_stm32f10x_md.o(.text)
    .text                                    0x08000128   Section        0  mktime.o(.text)
    .text                                    0x080001d0   Section        0  memcpya.o(.text)
    .text                                    0x080001f4   Section        0  strstr.o(.text)
    .text                                    0x08000218   Section        0  strlen.o(.text)
    .text                                    0x08000226   Section        0  strcmp.o(.text)
    .text                                    0x08000242   Section        0  atoi.o(.text)
    .text                                    0x0800025c   Section        0  fdiv.o(.text)
    .text                                    0x080002d8   Section        0  dadd.o(.text)
    .text                                    0x08000426   Section        0  dmul.o(.text)
    .text                                    0x0800050a   Section        0  ddiv.o(.text)
    .text                                    0x080005e8   Section        0  ffltui.o(.text)
    .text                                    0x080005f2   Section        0  dflti.o(.text)
    .text                                    0x08000614   Section        0  ffixui.o(.text)
    .text                                    0x0800063c   Section        0  f2d.o(.text)
    .text                                    0x08000664   Section       48  cdcmple.o(.text)
    .text                                    0x08000694   Section       48  cdrcmple.o(.text)
    .text                                    0x080006c4   Section        0  uidiv.o(.text)
    .text                                    0x080006f0   Section        0  uldiv.o(.text)
    .text                                    0x08000752   Section        0  llshl.o(.text)
    .text                                    0x08000770   Section        0  llsshr.o(.text)
    .text                                    0x08000794   Section        0  localtime_w.o(.text)
    .text                                    0x080007a0   Section        0  localtime_i.o(.text)
    .text                                    0x0800082c   Section        0  strtol.o(.text)
    .text                                    0x0800089c   Section        0  fepilogue.o(.text)
    .text                                    0x0800089c   Section        0  iusefp.o(.text)
    .text                                    0x0800090a   Section        0  depilogue.o(.text)
    .text                                    0x080009c4   Section        0  drem.o(.text)
    .text                                    0x08000a4a   Section        0  dfixul.o(.text)
    .text                                    0x08000a7c   Section       36  init.o(.text)
    .text                                    0x08000aa0   Section        0  llushr.o(.text)
    .text                                    0x08000ac0   Section        0  ctype_o.o(.text)
    .text                                    0x08000ac8   Section        0  _strtoul.o(.text)
    .text                                    0x08000b66   Section        0  _chval.o(.text)
    i.AutoContrl                             0x08000b84   Section        0  menu.o(i.AutoContrl)
    i.BH1750_Init                            0x08000c78   Section        0  gy30.o(i.BH1750_Init)
    i.BH1750_Power_OFF                       0x08000c98   Section        0  gy30.o(i.BH1750_Power_OFF)
    i.BH1750_Power_ON                        0x08000ca2   Section        0  gy30.o(i.BH1750_Power_ON)
    i.BH1750_RESET                           0x08000cac   Section        0  gy30.o(i.BH1750_RESET)
    i.BH1750_Read_Data                       0x08000cb6   Section        0  gy30.o(i.BH1750_Read_Data)
    i.BH1750_WriteByte                       0x08000cea   Section        0  gy30.o(i.BH1750_WriteByte)
    i.BKP_ReadBackupRegister                 0x08000d18   Section        0  stm32f10x_bkp.o(i.BKP_ReadBackupRegister)
    i.BKP_WriteBackupRegister                0x08000d34   Section        0  stm32f10x_bkp.o(i.BKP_WriteBackupRegister)
    i.Beep_Init                              0x08000d50   Section        0  bsp_beep.o(i.Beep_Init)
    i.Beep_StateRefresh                      0x08000da4   Section        0  bsp_beep.o(i.Beep_StateRefresh)
    i.Bluetooth_Analyse                      0x08000e20   Section        0  usart3.o(i.Bluetooth_Analyse)
    i.BusFault_Handler                       0x08001060   Section        0  stm32f10x_it.o(i.BusFault_Handler)
    i.DHT11_GPIO_Config                      0x08001064   Section        0  dht11.o(i.DHT11_GPIO_Config)
    DHT11_GPIO_Config                        0x08001065   Thumb Code    36  dht11.o(i.DHT11_GPIO_Config)
    i.DHT11_Init                             0x0800108c   Section        0  dht11.o(i.DHT11_Init)
    i.DHT11_Mode_IPU                         0x080010a0   Section        0  dht11.o(i.DHT11_Mode_IPU)
    DHT11_Mode_IPU                           0x080010a1   Thumb Code    24  dht11.o(i.DHT11_Mode_IPU)
    i.DHT11_Mode_Out_PP                      0x080010bc   Section        0  dht11.o(i.DHT11_Mode_Out_PP)
    DHT11_Mode_Out_PP                        0x080010bd   Thumb Code    28  dht11.o(i.DHT11_Mode_Out_PP)
    i.DHT11_ReadByte                         0x080010dc   Section        0  dht11.o(i.DHT11_ReadByte)
    DHT11_ReadByte                           0x080010dd   Thumb Code    90  dht11.o(i.DHT11_ReadByte)
    i.DHT11_Read_TempAndHumidity             0x0800113c   Section        0  dht11.o(i.DHT11_Read_TempAndHumidity)
    i.DebugMon_Handler                       0x080011dc   Section        0  stm32f10x_it.o(i.DebugMon_Handler)
    i.Delay_1ms                              0x080011de   Section        0  bsp_oled_iic.o(i.Delay_1ms)
    i.GPIO_Init                              0x080011f8   Section        0  stm32f10x_gpio.o(i.GPIO_Init)
    i.GPIO_ReadInputDataBit                  0x0800130e   Section        0  stm32f10x_gpio.o(i.GPIO_ReadInputDataBit)
    i.GPIO_ResetBits                         0x08001320   Section        0  stm32f10x_gpio.o(i.GPIO_ResetBits)
    i.GPIO_SetBits                           0x08001324   Section        0  stm32f10x_gpio.o(i.GPIO_SetBits)
    i.GetChinaCalendar                       0x08001328   Section        0  calendar.o(i.GetChinaCalendar)
    i.GetMoonDay                             0x08001530   Section        0  calendar.o(i.GetMoonDay)
    i.GetSkyEarth                            0x08001650   Section        0  calendar.o(i.GetSkyEarth)
    i.HardFault_Handler                      0x08001688   Section        0  stm32f10x_it.o(i.HardFault_Handler)
    i.IIC_Start                              0x0800168c   Section        0  bsp_oled_iic.o(i.IIC_Start)
    IIC_Start                                0x0800168d   Thumb Code    44  bsp_oled_iic.o(i.IIC_Start)
    i.IIC_Stop                               0x080016bc   Section        0  bsp_oled_iic.o(i.IIC_Stop)
    IIC_Stop                                 0x080016bd   Thumb Code    34  bsp_oled_iic.o(i.IIC_Stop)
    i.IIC_Wait_Ack                           0x080016e4   Section        0  bsp_oled_iic.o(i.IIC_Wait_Ack)
    IIC_Wait_Ack                             0x080016e5   Thumb Code    24  bsp_oled_iic.o(i.IIC_Wait_Ack)
    i.Inform_Show                            0x08001700   Section        0  menu.o(i.Inform_Show)
    i.Is_Leap_Year                           0x08001e3c   Section        0  rtc.o(i.Is_Leap_Year)
    i.KEY_Init                               0x08001e78   Section        0  key.o(i.KEY_Init)
    i.Key1Press                              0x08001ec0   Section        0  key.o(i.Key1Press)
    i.Key2Press                              0x08001ed4   Section        0  key.o(i.Key2Press)
    i.Key3Press                              0x08001ee8   Section        0  key.o(i.Key3Press)
    i.Key4Press                              0x08001efc   Section        0  key.o(i.Key4Press)
    i.Key5Press                              0x08001f10   Section        0  key.o(i.Key5Press)
    i.KeyScan                                0x08001f24   Section        0  key.o(i.KeyScan)
    i.LED_GPIO_Config                        0x080020dc   Section        0  led.o(i.LED_GPIO_Config)
    i.LED_StateRefresh                       0x08002108   Section        0  led.o(i.LED_StateRefresh)
    i.Light_Intensity                        0x08002188   Section        0  gy30.o(i.Light_Intensity)
    i.MemManage_Handler                      0x080021a4   Section        0  stm32f10x_it.o(i.MemManage_Handler)
    i.Mode_Decide                            0x080021a8   Section        0  menu.o(i.Mode_Decide)
    i.MyRTC_Init                             0x08002280   Section        0  myrtc.o(i.MyRTC_Init)
    i.MyRTC_ReadTime                         0x080022f4   Section        0  myrtc.o(i.MyRTC_ReadTime)
    i.MyRTC_SetTime                          0x0800233c   Section        0  myrtc.o(i.MyRTC_SetTime)
    i.My_USART1                              0x08002388   Section        0  my_usart1.o(i.My_USART1)
    i.NMI_Handler                            0x08002414   Section        0  stm32f10x_it.o(i.NMI_Handler)
    i.NVIC_Config                            0x08002416   Section        0  sys.o(i.NVIC_Config)
    i.NVIC_Init                              0x080024cc   Section        0  misc.o(i.NVIC_Init)
    i.NVIC_PriorityGroupConfig               0x0800253c   Section        0  misc.o(i.NVIC_PriorityGroupConfig)
    i.OLED_Set_Pos                           0x08002550   Section        0  bsp_oled_iic.o(i.OLED_Set_Pos)
    i.OLED_ShowChar                          0x08002578   Section        0  bsp_oled_iic.o(i.OLED_ShowChar)
    i.OLED_WR_Byte                           0x080025f0   Section        0  bsp_oled_iic.o(i.OLED_WR_Byte)
    i.PWR_BackupAccessCmd                    0x08002608   Section        0  stm32f10x_pwr.o(i.PWR_BackupAccessCmd)
    i.PendSV_Handler                         0x08002614   Section        0  stm32f10x_it.o(i.PendSV_Handler)
    i.RCC_APB1PeriphClockCmd                 0x08002618   Section        0  stm32f10x_rcc.o(i.RCC_APB1PeriphClockCmd)
    i.RCC_APB2PeriphClockCmd                 0x08002638   Section        0  stm32f10x_rcc.o(i.RCC_APB2PeriphClockCmd)
    i.RCC_GetClocksFreq                      0x08002658   Section        0  stm32f10x_rcc.o(i.RCC_GetClocksFreq)
    i.RCC_GetFlagStatus                      0x0800272c   Section        0  stm32f10x_rcc.o(i.RCC_GetFlagStatus)
    i.RCC_LSEConfig                          0x08002768   Section        0  stm32f10x_rcc.o(i.RCC_LSEConfig)
    i.RCC_RTCCLKCmd                          0x0800279c   Section        0  stm32f10x_rcc.o(i.RCC_RTCCLKCmd)
    i.RCC_RTCCLKConfig                       0x080027a8   Section        0  stm32f10x_rcc.o(i.RCC_RTCCLKConfig)
    i.RTC_ClearITPendingBit                  0x080027b8   Section        0  stm32f10x_rtc.o(i.RTC_ClearITPendingBit)
    i.RTC_EnterConfigMode                    0x080027c8   Section        0  stm32f10x_rtc.o(i.RTC_EnterConfigMode)
    i.RTC_ExitConfigMode                     0x080027dc   Section        0  stm32f10x_rtc.o(i.RTC_ExitConfigMode)
    i.RTC_Get                                0x080027f0   Section        0  rtc.o(i.RTC_Get)
    i.RTC_GetCounter                         0x080028f0   Section        0  stm32f10x_rtc.o(i.RTC_GetCounter)
    i.RTC_GetITStatus                        0x08002904   Section        0  stm32f10x_rtc.o(i.RTC_GetITStatus)
    i.RTC_Get_Week                           0x08002928   Section        0  rtc.o(i.RTC_Get_Week)
    i.RTC_IRQHandler                         0x080029a0   Section        0  rtc.o(i.RTC_IRQHandler)
    i.RTC_SetCounter                         0x080029bc   Section        0  stm32f10x_rtc.o(i.RTC_SetCounter)
    i.RTC_SetPrescaler                       0x080029d8   Section        0  stm32f10x_rtc.o(i.RTC_SetPrescaler)
    i.RTC_WaitForLastTask                    0x080029f8   Section        0  stm32f10x_rtc.o(i.RTC_WaitForLastTask)
    i.RTC_WaitForSynchro                     0x08002a0c   Section        0  stm32f10x_rtc.o(i.RTC_WaitForSynchro)
    i.SVC_Handler                            0x08002a30   Section        0  stm32f10x_it.o(i.SVC_Handler)
    i.SetSysClock                            0x08002a32   Section        0  system_stm32f10x.o(i.SetSysClock)
    SetSysClock                              0x08002a33   Thumb Code     8  system_stm32f10x.o(i.SetSysClock)
    i.SetSysClockTo72                        0x08002a3c   Section        0  system_stm32f10x.o(i.SetSysClockTo72)
    SetSysClockTo72                          0x08002a3d   Thumb Code   214  system_stm32f10x.o(i.SetSysClockTo72)
    i.SysTick_CLKSourceConfig                0x08002b1c   Section        0  misc.o(i.SysTick_CLKSourceConfig)
    i.SysTick_Handler                        0x08002b44   Section        0  stm32f10x_it.o(i.SysTick_Handler)
    i.SystemInit                             0x08002b48   Section        0  system_stm32f10x.o(i.SystemInit)
    i.TIM1_Int_Init                          0x08002ba8   Section        0  time1.o(i.TIM1_Int_Init)
    i.TIM1_UP_IRQHandler                     0x08002c14   Section        0  time1.o(i.TIM1_UP_IRQHandler)
    i.TIM2_IRQHandler                        0x08002ca0   Section        0  time2.o(i.TIM2_IRQHandler)
    i.TIM_ClearFlag                          0x08002cba   Section        0  stm32f10x_tim.o(i.TIM_ClearFlag)
    i.TIM_ClearITPendingBit                  0x08002cc0   Section        0  stm32f10x_tim.o(i.TIM_ClearITPendingBit)
    i.TIM_Cmd                                0x08002cc6   Section        0  stm32f10x_tim.o(i.TIM_Cmd)
    i.TIM_GetITStatus                        0x08002cde   Section        0  stm32f10x_tim.o(i.TIM_GetITStatus)
    i.TIM_ITConfig                           0x08002d00   Section        0  stm32f10x_tim.o(i.TIM_ITConfig)
    i.TIM_TimeBaseInit                       0x08002d14   Section        0  stm32f10x_tim.o(i.TIM_TimeBaseInit)
    i.ThresholdSet                           0x08002db8   Section        0  menu.o(i.ThresholdSet)
    i.Threshold_Init                         0x08003254   Section        0  main.o(i.Threshold_Init)
    i.Time_Limit                             0x080032a0   Section        0  menu.o(i.Time_Limit)
    i.TimingSet                              0x080032ec   Section        0  menu.o(i.TimingSet)
    i.USART1_IRQHandler                      0x08003694   Section        0  my_usart1.o(i.USART1_IRQHandler)
    i.USART3_IRQHandler                      0x080036b4   Section        0  usart3.o(i.USART3_IRQHandler)
    i.USART_ClearITPendingBit                0x0800372c   Section        0  stm32f10x_usart.o(i.USART_ClearITPendingBit)
    i.USART_Cmd                              0x0800374a   Section        0  stm32f10x_usart.o(i.USART_Cmd)
    i.USART_GetFlagStatus                    0x08003762   Section        0  stm32f10x_usart.o(i.USART_GetFlagStatus)
    i.USART_GetITStatus                      0x0800377c   Section        0  stm32f10x_usart.o(i.USART_GetITStatus)
    i.USART_ITConfig                         0x080037d0   Section        0  stm32f10x_usart.o(i.USART_ITConfig)
    i.USART_Init                             0x0800381c   Section        0  stm32f10x_usart.o(i.USART_Init)
    i.USART_ReceiveData                      0x080038f4   Section        0  stm32f10x_usart.o(i.USART_ReceiveData)
    i.USART_SendByte                         0x080038fe   Section        0  my_usart1.o(i.USART_SendByte)
    i.USART_SendData                         0x0800391a   Section        0  stm32f10x_usart.o(i.USART_SendData)
    i.UsageFault_Handler                     0x08003922   Section        0  stm32f10x_it.o(i.UsageFault_Handler)
    i.Usart3_Init                            0x08003928   Section        0  usart3.o(i.Usart3_Init)
    i.Usart_SendByte                         0x080039dc   Section        0  usart3.o(i.Usart_SendByte)
    i.Write_IIC_Byte                         0x080039fc   Section        0  bsp_oled_iic.o(i.Write_IIC_Byte)
    Write_IIC_Byte                           0x080039fd   Thumb Code    88  bsp_oled_iic.o(i.Write_IIC_Byte)
    i.Write_IIC_Command                      0x08003a58   Section        0  bsp_oled_iic.o(i.Write_IIC_Command)
    Write_IIC_Command                        0x08003a59   Thumb Code    44  bsp_oled_iic.o(i.Write_IIC_Command)
    i.Write_IIC_Data                         0x08003a84   Section        0  bsp_oled_iic.o(i.Write_IIC_Data)
    Write_IIC_Data                           0x08003a85   Thumb Code    44  bsp_oled_iic.o(i.Write_IIC_Data)
    i.__0sprintf                             0x08003ab0   Section        0  printfa.o(i.__0sprintf)
    i.__0vsprintf                            0x08003ad8   Section        0  printfa.o(i.__0vsprintf)
    i.__aeabi_errno_addr                     0x08003afc   Section        0  errno.o(i.__aeabi_errno_addr)
    i.__mathlib_dbl_invalid                  0x08003b04   Section        0  dunder.o(i.__mathlib_dbl_invalid)
    i.__scatterload_copy                     0x08003b10   Section       14  handlers.o(i.__scatterload_copy)
    i.__scatterload_null                     0x08003b1e   Section        2  handlers.o(i.__scatterload_null)
    i.__scatterload_zeroinit                 0x08003b20   Section       14  handlers.o(i.__scatterload_zeroinit)
    i.__set_errno                            0x08003b30   Section        0  errno.o(i.__set_errno)
    i._fp_digits                             0x08003b3c   Section        0  printfa.o(i._fp_digits)
    _fp_digits                               0x08003b3d   Thumb Code   366  printfa.o(i._fp_digits)
    i._printf_core                           0x08003cc0   Section        0  printfa.o(i._printf_core)
    _printf_core                             0x08003cc1   Thumb Code  1704  printfa.o(i._printf_core)
    i._printf_post_padding                   0x08004374   Section        0  printfa.o(i._printf_post_padding)
    _printf_post_padding                     0x08004375   Thumb Code    36  printfa.o(i._printf_post_padding)
    i._printf_pre_padding                    0x08004398   Section        0  printfa.o(i._printf_pre_padding)
    _printf_pre_padding                      0x08004399   Thumb Code    46  printfa.o(i._printf_pre_padding)
    i._sputc                                 0x080043c6   Section        0  printfa.o(i._sputc)
    _sputc                                   0x080043c7   Thumb Code    10  printfa.o(i._sputc)
    i.calculate_day_of_year                  0x080043d0   Section        0  solar.o(i.calculate_day_of_year)
    i.calculate_sun_longitude                0x08004434   Section        0  solar.o(i.calculate_sun_longitude)
    i.delay_init                             0x080044cc   Section        0  delay.o(i.delay_init)
    i.delay_ms                               0x08004510   Section        0  delay.o(i.delay_ms)
    i.delay_us                               0x0800455c   Section        0  delay.o(i.delay_us)
    i.fmod                                   0x080045a8   Section        0  fmod.o(i.fmod)
    i.get_day_of_solar                       0x0800463c   Section        0  solar.o(i.get_day_of_solar)
    i.get_solar_term                         0x08004668   Section        0  solar.o(i.get_solar_term)
    i.gyIIC_Ack                              0x080049b0   Section        0  gy30iic.o(i.gyIIC_Ack)
    i.gyIIC_Init                             0x080049fc   Section        0  gy30iic.o(i.gyIIC_Init)
    i.gyIIC_NAck                             0x08004a30   Section        0  gy30iic.o(i.gyIIC_NAck)
    i.gyIIC_Read_Byte                        0x08004a80   Section        0  gy30iic.o(i.gyIIC_Read_Byte)
    i.gyIIC_Send_Byte                        0x08004aec   Section        0  gy30iic.o(i.gyIIC_Send_Byte)
    i.gyIIC_Start                            0x08004b54   Section        0  gy30iic.o(i.gyIIC_Start)
    i.gyIIC_Stop                             0x08004ba0   Section        0  gy30iic.o(i.gyIIC_Stop)
    i.gyIIC_Wait_Ack                         0x08004bec   Section        0  gy30iic.o(i.gyIIC_Wait_Ack)
    i.main                                   0x08004c50   Section        0  main.o(i.main)
    i.mid                                    0x08004d08   Section        0  usart3.o(i.mid)
    i.oled_Clear                             0x08004d56   Section        0  bsp_oled_iic.o(i.oled_Clear)
    i.oled_Init                              0x08004d94   Section        0  bsp_oled_iic.o(i.oled_Init)
    i.oled_ShowCHinese                       0x08004ec8   Section        0  bsp_oled_iic.o(i.oled_ShowCHinese)
    i.oled_ShowNum                           0x08004f30   Section        0  bsp_oled_iic.o(i.oled_ShowNum)
    i.oled_ShowString                        0x08004fb8   Section        0  bsp_oled_iic.o(i.oled_ShowString)
    i.oled_pow                               0x08004ff2   Section        0  bsp_oled_iic.o(i.oled_pow)
    i.showChinaCalendar                      0x08005008   Section        0  menu.o(i.showChinaCalendar)
    i.u1_printf                              0x080050fc   Section        0  my_usart1.o(i.u1_printf)
    i.u3_printf                              0x0800514c   Section        0  usart3.o(i.u3_printf)
    .constdata                               0x0800519c   Section    14384  rtc.o(.constdata)
    F6x8                                     0x0800519c   Data         552  rtc.o(.constdata)
    F8X16                                    0x080053c4   Data        1520  rtc.o(.constdata)
    Hzk                                      0x080059b4   Data       12288  rtc.o(.constdata)
    .constdata                               0x080089cc   Section    14360  bsp_oled_iic.o(.constdata)
    F6x8                                     0x080089cc   Data         552  bsp_oled_iic.o(.constdata)
    F8X16                                    0x08008bf4   Data        1520  bsp_oled_iic.o(.constdata)
    Hzk                                      0x080091e4   Data       12288  bsp_oled_iic.o(.constdata)
    .constdata                               0x0800c1e4   Section      790  calendar.o(.constdata)
    .constdata                               0x0800c4fc   Section    14408  solar.o(.constdata)
    F6x8                                     0x0800c4fc   Data         552  solar.o(.constdata)
    F8X16                                    0x0800c724   Data        1520  solar.o(.constdata)
    Hzk                                      0x0800cd14   Data       12288  solar.o(.constdata)
    .constdata                               0x0800fd44   Section       12  mktime.o(.constdata)
    monlen                                   0x0800fd44   Data          12  mktime.o(.constdata)
    .constdata                               0x0800fd50   Section       12  localtime_i.o(.constdata)
    monlen                                   0x0800fd50   Data          12  localtime_i.o(.constdata)
    .constdata                               0x0800fd5c   Section      129  ctype_o.o(.constdata)
    .constdata                               0x0800fde0   Section        4  ctype_o.o(.constdata)
    table                                    0x0800fde0   Data           4  ctype_o.o(.constdata)
    .data                                    0x20000000   Section       11  main.o(.data)
    .data                                    0x2000000b   Section       19  menu.o(.data)
    InterFace                                0x2000000c   Data           1  menu.o(.data)
    IndexFlag                                0x20000016   Data           1  menu.o(.data)
    CursorFlag                               0x20000017   Data           1  menu.o(.data)
    ColumnIndex                              0x20000018   Data           1  menu.o(.data)
    RowIndex                                 0x20000019   Data           1  menu.o(.data)
    IndexFlag1                               0x2000001a   Data           1  menu.o(.data)
    CursorFlag1                              0x2000001b   Data           1  menu.o(.data)
    ColumnIndex                              0x2000001c   Data           1  menu.o(.data)
    RowIndex                                 0x2000001d   Data           1  menu.o(.data)
    .data                                    0x2000001e   Section        6  time1.o(.data)
    .data                                    0x20000024   Section       42  usart3.o(.data)
    crctalbeabs                              0x2000002e   Data          32  usart3.o(.data)
    .data                                    0x2000004e   Section       12  myrtc.o(.data)
    .data                                    0x2000005a   Section        2  rtc.o(.data)
    daycnt                                   0x2000005a   Data           2  rtc.o(.data)
    .data                                    0x2000005c   Section        4  delay.o(.data)
    fac_us                                   0x2000005c   Data           1  delay.o(.data)
    fac_ms                                   0x2000005e   Data           2  delay.o(.data)
    .data                                    0x20000060   Section        8  bsp_beep.o(.data)
    s_LedCycleTime                           0x20000060   Data           4  bsp_beep.o(.data)
    s_Cnt                                    0x20000064   Data           4  bsp_beep.o(.data)
    .data                                    0x20000068   Section       16  key.o(.data)
    keyCount                                 0x20000070   Data           4  key.o(.data)
    keyState                                 0x20000074   Data           4  key.o(.data)
    .data                                    0x20000078   Section       12  led.o(.data)
    s_LedCycleTime                           0x2000007c   Data           4  led.o(.data)
    s_Cnt                                    0x20000080   Data           4  led.o(.data)
    .data                                    0x20000084   Section       11  dht11.o(.data)
    .data                                    0x20000090   Section       20  system_stm32f10x.o(.data)
    .data                                    0x200000a4   Section       20  stm32f10x_rcc.o(.data)
    APBAHBPrescTable                         0x200000a4   Data          16  stm32f10x_rcc.o(.data)
    ADCPrescTable                            0x200000b4   Data           4  stm32f10x_rcc.o(.data)
    .data                                    0x200000b8   Section        4  errno.o(.data)
    _errno                                   0x200000b8   Data           4  errno.o(.data)
    .bss                                     0x200000c0   Section      256  my_usart1.o(.bss)
    .bss                                     0x200001c0   Section     1328  usart3.o(.bss)
    .bss                                     0x200006f0   Section       10  rtc.o(.bss)
    .bss                                     0x200006fc   Section       44  localtime_w.o(.bss)
    _tms                                     0x200006fc   Data          44  localtime_w.o(.bss)
    STACK                                    0x20000728   Section     1024  startup_stm32f10x_md.o(STACK)

    Global Symbols

    Symbol Name                              Value     Ov Type        Size  Object(Section)

    BuildAttributes$$THM_ISAv4$P$D$K$B$S$PE$A:L22UL41UL21$X:L11$S22US41US21$IEEE1$IW$USESV6$~STKCKD$USESV7$~SHL$OTIME$ROPI$IEEEX$EBA8$MICROLIB$REQ8$PRES8$EABIv2 0x00000000   Number         0  anon$$obj.o ABSOLUTE
    __ARM_use_no_argv                        0x00000000   Number         0  main.o ABSOLUTE
    _printf_a                                0x00000000   Number         0  stubs.o ABSOLUTE
    _printf_c                                0x00000000   Number         0  stubs.o ABSOLUTE
    _printf_charcount                        0x00000000   Number         0  stubs.o ABSOLUTE
    _printf_d                                0x00000000   Number         0  stubs.o ABSOLUTE
    _printf_e                                0x00000000   Number         0  stubs.o ABSOLUTE
    _printf_f                                0x00000000   Number         0  stubs.o ABSOLUTE
    _printf_flags                            0x00000000   Number         0  stubs.o ABSOLUTE
    _printf_fp_dec                           0x00000000   Number         0  stubs.o ABSOLUTE
    _printf_fp_hex                           0x00000000   Number         0  stubs.o ABSOLUTE
    _printf_g                                0x00000000   Number         0  stubs.o ABSOLUTE
    _printf_i                                0x00000000   Number         0  stubs.o ABSOLUTE
    _printf_int_dec                          0x00000000   Number         0  stubs.o ABSOLUTE
    _printf_l                                0x00000000   Number         0  stubs.o ABSOLUTE
    _printf_lc                               0x00000000   Number         0  stubs.o ABSOLUTE
    _printf_ll                               0x00000000   Number         0  stubs.o ABSOLUTE
    _printf_lld                              0x00000000   Number         0  stubs.o ABSOLUTE
    _printf_lli                              0x00000000   Number         0  stubs.o ABSOLUTE
    _printf_llo                              0x00000000   Number         0  stubs.o ABSOLUTE
    _printf_llu                              0x00000000   Number         0  stubs.o ABSOLUTE
    _printf_llx                              0x00000000   Number         0  stubs.o ABSOLUTE
    _printf_longlong_dec                     0x00000000   Number         0  stubs.o ABSOLUTE
    _printf_longlong_hex                     0x00000000   Number         0  stubs.o ABSOLUTE
    _printf_longlong_oct                     0x00000000   Number         0  stubs.o ABSOLUTE
    _printf_ls                               0x00000000   Number         0  stubs.o ABSOLUTE
    _printf_mbtowc                           0x00000000   Number         0  stubs.o ABSOLUTE
    _printf_n                                0x00000000   Number         0  stubs.o ABSOLUTE
    _printf_o                                0x00000000   Number         0  stubs.o ABSOLUTE
    _printf_p                                0x00000000   Number         0  stubs.o ABSOLUTE
    _printf_percent                          0x00000000   Number         0  stubs.o ABSOLUTE
    _printf_pre_padding                      0x00000000   Number         0  stubs.o ABSOLUTE
    _printf_return_value                     0x00000000   Number         0  stubs.o ABSOLUTE
    _printf_s                                0x00000000   Number         0  stubs.o ABSOLUTE
    _printf_sizespec                         0x00000000   Number         0  stubs.o ABSOLUTE
    _printf_str                              0x00000000   Number         0  stubs.o ABSOLUTE
    _printf_truncate_signed                  0x00000000   Number         0  stubs.o ABSOLUTE
    _printf_truncate_unsigned                0x00000000   Number         0  stubs.o ABSOLUTE
    _printf_u                                0x00000000   Number         0  stubs.o ABSOLUTE
    _printf_wc                               0x00000000   Number         0  stubs.o ABSOLUTE
    _printf_wctomb                           0x00000000   Number         0  stubs.o ABSOLUTE
    _printf_widthprec                        0x00000000   Number         0  stubs.o ABSOLUTE
    _printf_x                                0x00000000   Number         0  stubs.o ABSOLUTE
    __arm_fini_                               - Undefined Weak Reference
    __cpp_initialize__aeabi_                  - Undefined Weak Reference
    __cxa_finalize                            - Undefined Weak Reference
    __decompress                              - Undefined Weak Reference
    _clock_init                               - Undefined Weak Reference
    _microlib_exit                            - Undefined Weak Reference
    __Vectors_Size                           0x000000ec   Number         0  startup_stm32f10x_md.o ABSOLUTE
    __Vectors                                0x08000000   Data           4  startup_stm32f10x_md.o(RESET)
    __Vectors_End                            0x080000ec   Data           0  startup_stm32f10x_md.o(RESET)
    __main                                   0x080000ed   Thumb Code     0  entry.o(.ARM.Collect$$$$00000000)
    _main_stk                                0x080000ed   Thumb Code     0  entry2.o(.ARM.Collect$$$$00000001)
    _main_scatterload                        0x080000f1   Thumb Code     0  entry5.o(.ARM.Collect$$$$00000004)
    __main_after_scatterload                 0x080000f5   Thumb Code     0  entry5.o(.ARM.Collect$$$$00000004)
    _main_clock                              0x080000f5   Thumb Code     0  entry7b.o(.ARM.Collect$$$$00000008)
    _main_cpp_init                           0x080000f5   Thumb Code     0  entry8b.o(.ARM.Collect$$$$0000000A)
    _main_init                               0x080000f5   Thumb Code     0  entry9a.o(.ARM.Collect$$$$0000000B)
    __rt_lib_shutdown_fini                   0x080000fd   Thumb Code     0  entry12b.o(.ARM.Collect$$$$0000000E)
    __rt_final_cpp                           0x08000101   Thumb Code     0  entry10a.o(.ARM.Collect$$$$0000000F)
    __rt_final_exit                          0x08000101   Thumb Code     0  entry11a.o(.ARM.Collect$$$$00000011)
    Reset_Handler                            0x08000105   Thumb Code     8  startup_stm32f10x_md.o(.text)
    ADC1_2_IRQHandler                        0x0800011f   Thumb Code     0  startup_stm32f10x_md.o(.text)
    CAN1_RX1_IRQHandler                      0x0800011f   Thumb Code     0  startup_stm32f10x_md.o(.text)
    CAN1_SCE_IRQHandler                      0x0800011f   Thumb Code     0  startup_stm32f10x_md.o(.text)
    DMA1_Channel1_IRQHandler                 0x0800011f   Thumb Code     0  startup_stm32f10x_md.o(.text)
    DMA1_Channel2_IRQHandler                 0x0800011f   Thumb Code     0  startup_stm32f10x_md.o(.text)
    DMA1_Channel3_IRQHandler                 0x0800011f   Thumb Code     0  startup_stm32f10x_md.o(.text)
    DMA1_Channel4_IRQHandler                 0x0800011f   Thumb Code     0  startup_stm32f10x_md.o(.text)
    DMA1_Channel5_IRQHandler                 0x0800011f   Thumb Code     0  startup_stm32f10x_md.o(.text)
    DMA1_Channel6_IRQHandler                 0x0800011f   Thumb Code     0  startup_stm32f10x_md.o(.text)
    DMA1_Channel7_IRQHandler                 0x0800011f   Thumb Code     0  startup_stm32f10x_md.o(.text)
    EXTI0_IRQHandler                         0x0800011f   Thumb Code     0  startup_stm32f10x_md.o(.text)
    EXTI15_10_IRQHandler                     0x0800011f   Thumb Code     0  startup_stm32f10x_md.o(.text)
    EXTI1_IRQHandler                         0x0800011f   Thumb Code     0  startup_stm32f10x_md.o(.text)
    EXTI2_IRQHandler                         0x0800011f   Thumb Code     0  startup_stm32f10x_md.o(.text)
    EXTI3_IRQHandler                         0x0800011f   Thumb Code     0  startup_stm32f10x_md.o(.text)
    EXTI4_IRQHandler                         0x0800011f   Thumb Code     0  startup_stm32f10x_md.o(.text)
    EXTI9_5_IRQHandler                       0x0800011f   Thumb Code     0  startup_stm32f10x_md.o(.text)
    FLASH_IRQHandler                         0x0800011f   Thumb Code     0  startup_stm32f10x_md.o(.text)
    I2C1_ER_IRQHandler                       0x0800011f   Thumb Code     0  startup_stm32f10x_md.o(.text)
    I2C1_EV_IRQHandler                       0x0800011f   Thumb Code     0  startup_stm32f10x_md.o(.text)
    I2C2_ER_IRQHandler                       0x0800011f   Thumb Code     0  startup_stm32f10x_md.o(.text)
    I2C2_EV_IRQHandler                       0x0800011f   Thumb Code     0  startup_stm32f10x_md.o(.text)
    PVD_IRQHandler                           0x0800011f   Thumb Code     0  startup_stm32f10x_md.o(.text)
    RCC_IRQHandler                           0x0800011f   Thumb Code     0  startup_stm32f10x_md.o(.text)
    RTCAlarm_IRQHandler                      0x0800011f   Thumb Code     0  startup_stm32f10x_md.o(.text)
    SPI1_IRQHandler                          0x0800011f   Thumb Code     0  startup_stm32f10x_md.o(.text)
    SPI2_IRQHandler                          0x0800011f   Thumb Code     0  startup_stm32f10x_md.o(.text)
    TAMPER_IRQHandler                        0x0800011f   Thumb Code     0  startup_stm32f10x_md.o(.text)
    TIM1_BRK_IRQHandler                      0x0800011f   Thumb Code     0  startup_stm32f10x_md.o(.text)
    TIM1_CC_IRQHandler                       0x0800011f   Thumb Code     0  startup_stm32f10x_md.o(.text)
    TIM1_TRG_COM_IRQHandler                  0x0800011f   Thumb Code     0  startup_stm32f10x_md.o(.text)
    TIM3_IRQHandler                          0x0800011f   Thumb Code     0  startup_stm32f10x_md.o(.text)
    TIM4_IRQHandler                          0x0800011f   Thumb Code     0  startup_stm32f10x_md.o(.text)
    USART2_IRQHandler                        0x0800011f   Thumb Code     0  startup_stm32f10x_md.o(.text)
    USBWakeUp_IRQHandler                     0x0800011f   Thumb Code     0  startup_stm32f10x_md.o(.text)
    USB_HP_CAN1_TX_IRQHandler                0x0800011f   Thumb Code     0  startup_stm32f10x_md.o(.text)
    USB_LP_CAN1_RX0_IRQHandler               0x0800011f   Thumb Code     0  startup_stm32f10x_md.o(.text)
    WWDG_IRQHandler                          0x0800011f   Thumb Code     0  startup_stm32f10x_md.o(.text)
    mktime                                   0x08000129   Thumb Code   150  mktime.o(.text)
    __aeabi_memcpy                           0x080001d1   Thumb Code    36  memcpya.o(.text)
    __aeabi_memcpy4                          0x080001d1   Thumb Code     0  memcpya.o(.text)
    __aeabi_memcpy8                          0x080001d1   Thumb Code     0  memcpya.o(.text)
    strstr                                   0x080001f5   Thumb Code    36  strstr.o(.text)
    strlen                                   0x08000219   Thumb Code    14  strlen.o(.text)
    strcmp                                   0x08000227   Thumb Code    28  strcmp.o(.text)
    atoi                                     0x08000243   Thumb Code    26  atoi.o(.text)
    __aeabi_fdiv                             0x0800025d   Thumb Code   124  fdiv.o(.text)
    __aeabi_dadd                             0x080002d9   Thumb Code   322  dadd.o(.text)
    __aeabi_dsub                             0x0800041b   Thumb Code     6  dadd.o(.text)
    __aeabi_drsub                            0x08000421   Thumb Code     6  dadd.o(.text)
    __aeabi_dmul                             0x08000427   Thumb Code   228  dmul.o(.text)
    __aeabi_ddiv                             0x0800050b   Thumb Code   222  ddiv.o(.text)
    __aeabi_ui2f                             0x080005e9   Thumb Code    10  ffltui.o(.text)
    __aeabi_i2d                              0x080005f3   Thumb Code    34  dflti.o(.text)
    __aeabi_f2uiz                            0x08000615   Thumb Code    40  ffixui.o(.text)
    __aeabi_f2d                              0x0800063d   Thumb Code    38  f2d.o(.text)
    __aeabi_cdcmpeq                          0x08000665   Thumb Code     0  cdcmple.o(.text)
    __aeabi_cdcmple                          0x08000665   Thumb Code    48  cdcmple.o(.text)
    __aeabi_cdrcmple                         0x08000695   Thumb Code    48  cdrcmple.o(.text)
    __aeabi_uidiv                            0x080006c5   Thumb Code     0  uidiv.o(.text)
    __aeabi_uidivmod                         0x080006c5   Thumb Code    44  uidiv.o(.text)
    __aeabi_uldivmod                         0x080006f1   Thumb Code    98  uldiv.o(.text)
    __aeabi_llsl                             0x08000753   Thumb Code    30  llshl.o(.text)
    _ll_shift_l                              0x08000753   Thumb Code     0  llshl.o(.text)
    __aeabi_lasr                             0x08000771   Thumb Code    36  llsshr.o(.text)
    _ll_sshift_r                             0x08000771   Thumb Code     0  llsshr.o(.text)
    localtime                                0x08000795   Thumb Code     6  localtime_w.o(.text)
    _localtime                               0x080007a1   Thumb Code   134  localtime_i.o(.text)
    strtol                                   0x0800082d   Thumb Code   112  strtol.o(.text)
    __I$use$fp                               0x0800089d   Thumb Code     0  iusefp.o(.text)
    _float_round                             0x0800089d   Thumb Code    18  fepilogue.o(.text)
    _float_epilogue                          0x080008af   Thumb Code    92  fepilogue.o(.text)
    _double_round                            0x0800090b   Thumb Code    30  depilogue.o(.text)
    _double_epilogue                         0x08000929   Thumb Code   156  depilogue.o(.text)
    _drem                                    0x080009c5   Thumb Code   134  drem.o(.text)
    __aeabi_d2ulz                            0x08000a4b   Thumb Code    48  dfixul.o(.text)
    __scatterload                            0x08000a7d   Thumb Code    28  init.o(.text)
    __scatterload_rt2                        0x08000a7d   Thumb Code     0  init.o(.text)
    __aeabi_llsr                             0x08000aa1   Thumb Code    32  llushr.o(.text)
    _ll_ushift_r                             0x08000aa1   Thumb Code     0  llushr.o(.text)
    __rt_ctype_table                         0x08000ac1   Thumb Code     4  ctype_o.o(.text)
    _strtoul                                 0x08000ac9   Thumb Code   158  _strtoul.o(.text)
    _chval                                   0x08000b67   Thumb Code    28  _chval.o(.text)
    AutoContrl                               0x08000b85   Thumb Code   212  menu.o(i.AutoContrl)
    BH1750_Init                              0x08000c79   Thumb Code    32  gy30.o(i.BH1750_Init)
    BH1750_Power_OFF                         0x08000c99   Thumb Code    10  gy30.o(i.BH1750_Power_OFF)
    BH1750_Power_ON                          0x08000ca3   Thumb Code    10  gy30.o(i.BH1750_Power_ON)
    BH1750_RESET                             0x08000cad   Thumb Code    10  gy30.o(i.BH1750_RESET)
    BH1750_Read_Data                         0x08000cb7   Thumb Code    52  gy30.o(i.BH1750_Read_Data)
    BH1750_WriteByte                         0x08000ceb   Thumb Code    46  gy30.o(i.BH1750_WriteByte)
    BKP_ReadBackupRegister                   0x08000d19   Thumb Code    24  stm32f10x_bkp.o(i.BKP_ReadBackupRegister)
    BKP_WriteBackupRegister                  0x08000d35   Thumb Code    22  stm32f10x_bkp.o(i.BKP_WriteBackupRegister)
    Beep_Init                                0x08000d51   Thumb Code    78  bsp_beep.o(i.Beep_Init)
    Beep_StateRefresh                        0x08000da5   Thumb Code   110  bsp_beep.o(i.Beep_StateRefresh)
    Bluetooth_Analyse                        0x08000e21   Thumb Code   476  usart3.o(i.Bluetooth_Analyse)
    BusFault_Handler                         0x08001061   Thumb Code     4  stm32f10x_it.o(i.BusFault_Handler)
    DHT11_Init                               0x0800108d   Thumb Code    16  dht11.o(i.DHT11_Init)
    DHT11_Read_TempAndHumidity               0x0800113d   Thumb Code   154  dht11.o(i.DHT11_Read_TempAndHumidity)
    DebugMon_Handler                         0x080011dd   Thumb Code     2  stm32f10x_it.o(i.DebugMon_Handler)
    Delay_1ms                                0x080011df   Thumb Code    26  bsp_oled_iic.o(i.Delay_1ms)
    GPIO_Init                                0x080011f9   Thumb Code   278  stm32f10x_gpio.o(i.GPIO_Init)
    GPIO_ReadInputDataBit                    0x0800130f   Thumb Code    18  stm32f10x_gpio.o(i.GPIO_ReadInputDataBit)
    GPIO_ResetBits                           0x08001321   Thumb Code     4  stm32f10x_gpio.o(i.GPIO_ResetBits)
    GPIO_SetBits                             0x08001325   Thumb Code     4  stm32f10x_gpio.o(i.GPIO_SetBits)
    GetChinaCalendar                         0x08001329   Thumb Code   506  calendar.o(i.GetChinaCalendar)
    GetMoonDay                               0x08001531   Thumb Code   282  calendar.o(i.GetMoonDay)
    GetSkyEarth                              0x08001651   Thumb Code    56  calendar.o(i.GetSkyEarth)
    HardFault_Handler                        0x08001689   Thumb Code     4  stm32f10x_it.o(i.HardFault_Handler)
    Inform_Show                              0x08001701   Thumb Code  1846  menu.o(i.Inform_Show)
    Is_Leap_Year                             0x08001e3d   Thumb Code    58  rtc.o(i.Is_Leap_Year)
    KEY_Init                                 0x08001e79   Thumb Code    66  key.o(i.KEY_Init)
    Key1Press                                0x08001ec1   Thumb Code    14  key.o(i.Key1Press)
    Key2Press                                0x08001ed5   Thumb Code    14  key.o(i.Key2Press)
    Key3Press                                0x08001ee9   Thumb Code    14  key.o(i.Key3Press)
    Key4Press                                0x08001efd   Thumb Code    14  key.o(i.Key4Press)
    Key5Press                                0x08001f11   Thumb Code    14  key.o(i.Key5Press)
    KeyScan                                  0x08001f25   Thumb Code   426  key.o(i.KeyScan)
    LED_GPIO_Config                          0x080020dd   Thumb Code    40  led.o(i.LED_GPIO_Config)
    LED_StateRefresh                         0x08002109   Thumb Code   116  led.o(i.LED_StateRefresh)
    Light_Intensity                          0x08002189   Thumb Code    22  gy30.o(i.Light_Intensity)
    MemManage_Handler                        0x080021a5   Thumb Code     4  stm32f10x_it.o(i.MemManage_Handler)
    Mode_Decide                              0x080021a9   Thumb Code   182  menu.o(i.Mode_Decide)
    MyRTC_Init                               0x08002281   Thumb Code   114  myrtc.o(i.MyRTC_Init)
    MyRTC_ReadTime                           0x080022f5   Thumb Code    68  myrtc.o(i.MyRTC_ReadTime)
    MyRTC_SetTime                            0x0800233d   Thumb Code    70  myrtc.o(i.MyRTC_SetTime)
    My_USART1                                0x08002389   Thumb Code   132  my_usart1.o(i.My_USART1)
    NMI_Handler                              0x08002415   Thumb Code     2  stm32f10x_it.o(i.NMI_Handler)
    NVIC_Config                              0x08002417   Thumb Code   180  sys.o(i.NVIC_Config)
    NVIC_Init                                0x080024cd   Thumb Code   100  misc.o(i.NVIC_Init)
    NVIC_PriorityGroupConfig                 0x0800253d   Thumb Code    10  misc.o(i.NVIC_PriorityGroupConfig)
    OLED_Set_Pos                             0x08002551   Thumb Code    40  bsp_oled_iic.o(i.OLED_Set_Pos)
    OLED_ShowChar                            0x08002579   Thumb Code   114  bsp_oled_iic.o(i.OLED_ShowChar)
    OLED_WR_Byte                             0x080025f1   Thumb Code    24  bsp_oled_iic.o(i.OLED_WR_Byte)
    PWR_BackupAccessCmd                      0x08002609   Thumb Code     6  stm32f10x_pwr.o(i.PWR_BackupAccessCmd)
    PendSV_Handler                           0x08002615   Thumb Code     2  stm32f10x_it.o(i.PendSV_Handler)
    RCC_APB1PeriphClockCmd                   0x08002619   Thumb Code    26  stm32f10x_rcc.o(i.RCC_APB1PeriphClockCmd)
    RCC_APB2PeriphClockCmd                   0x08002639   Thumb Code    26  stm32f10x_rcc.o(i.RCC_APB2PeriphClockCmd)
    RCC_GetClocksFreq                        0x08002659   Thumb Code   192  stm32f10x_rcc.o(i.RCC_GetClocksFreq)
    RCC_GetFlagStatus                        0x0800272d   Thumb Code    56  stm32f10x_rcc.o(i.RCC_GetFlagStatus)
    RCC_LSEConfig                            0x08002769   Thumb Code    46  stm32f10x_rcc.o(i.RCC_LSEConfig)
    RCC_RTCCLKCmd                            0x0800279d   Thumb Code     6  stm32f10x_rcc.o(i.RCC_RTCCLKCmd)
    RCC_RTCCLKConfig                         0x080027a9   Thumb Code    12  stm32f10x_rcc.o(i.RCC_RTCCLKConfig)
    RTC_ClearITPendingBit                    0x080027b9   Thumb Code    12  stm32f10x_rtc.o(i.RTC_ClearITPendingBit)
    RTC_EnterConfigMode                      0x080027c9   Thumb Code    14  stm32f10x_rtc.o(i.RTC_EnterConfigMode)
    RTC_ExitConfigMode                       0x080027dd   Thumb Code    16  stm32f10x_rtc.o(i.RTC_ExitConfigMode)
    RTC_Get                                  0x080027f1   Thumb Code   240  rtc.o(i.RTC_Get)
    RTC_GetCounter                           0x080028f1   Thumb Code    16  stm32f10x_rtc.o(i.RTC_GetCounter)
    RTC_GetITStatus                          0x08002905   Thumb Code    32  stm32f10x_rtc.o(i.RTC_GetITStatus)
    RTC_Get_Week                             0x08002929   Thumb Code   116  rtc.o(i.RTC_Get_Week)
    RTC_IRQHandler                           0x080029a1   Thumb Code    26  rtc.o(i.RTC_IRQHandler)
    RTC_SetCounter                           0x080029bd   Thumb Code    24  stm32f10x_rtc.o(i.RTC_SetCounter)
    RTC_SetPrescaler                         0x080029d9   Thumb Code    26  stm32f10x_rtc.o(i.RTC_SetPrescaler)
    RTC_WaitForLastTask                      0x080029f9   Thumb Code    16  stm32f10x_rtc.o(i.RTC_WaitForLastTask)
    RTC_WaitForSynchro                       0x08002a0d   Thumb Code    30  stm32f10x_rtc.o(i.RTC_WaitForSynchro)
    SVC_Handler                              0x08002a31   Thumb Code     2  stm32f10x_it.o(i.SVC_Handler)
    SysTick_CLKSourceConfig                  0x08002b1d   Thumb Code    40  misc.o(i.SysTick_CLKSourceConfig)
    SysTick_Handler                          0x08002b45   Thumb Code     2  stm32f10x_it.o(i.SysTick_Handler)
    SystemInit                               0x08002b49   Thumb Code    78  system_stm32f10x.o(i.SystemInit)
    TIM1_Int_Init                            0x08002ba9   Thumb Code   104  time1.o(i.TIM1_Int_Init)
    TIM1_UP_IRQHandler                       0x08002c15   Thumb Code   120  time1.o(i.TIM1_UP_IRQHandler)
    TIM2_IRQHandler                          0x08002ca1   Thumb Code    26  time2.o(i.TIM2_IRQHandler)
    TIM_ClearFlag                            0x08002cbb   Thumb Code     6  stm32f10x_tim.o(i.TIM_ClearFlag)
    TIM_ClearITPendingBit                    0x08002cc1   Thumb Code     6  stm32f10x_tim.o(i.TIM_ClearITPendingBit)
    TIM_Cmd                                  0x08002cc7   Thumb Code    24  stm32f10x_tim.o(i.TIM_Cmd)
    TIM_GetITStatus                          0x08002cdf   Thumb Code    34  stm32f10x_tim.o(i.TIM_GetITStatus)
    TIM_ITConfig                             0x08002d01   Thumb Code    18  stm32f10x_tim.o(i.TIM_ITConfig)
    TIM_TimeBaseInit                         0x08002d15   Thumb Code   122  stm32f10x_tim.o(i.TIM_TimeBaseInit)
    ThresholdSet                             0x08002db9   Thumb Code  1120  menu.o(i.ThresholdSet)
    Threshold_Init                           0x08003255   Thumb Code    60  main.o(i.Threshold_Init)
    Time_Limit                               0x080032a1   Thumb Code    74  menu.o(i.Time_Limit)
    TimingSet                                0x080032ed   Thumb Code   872  menu.o(i.TimingSet)
    USART1_IRQHandler                        0x08003695   Thumb Code    26  my_usart1.o(i.USART1_IRQHandler)
    USART3_IRQHandler                        0x080036b5   Thumb Code   102  usart3.o(i.USART3_IRQHandler)
    USART_ClearITPendingBit                  0x0800372d   Thumb Code    30  stm32f10x_usart.o(i.USART_ClearITPendingBit)
    USART_Cmd                                0x0800374b   Thumb Code    24  stm32f10x_usart.o(i.USART_Cmd)
    USART_GetFlagStatus                      0x08003763   Thumb Code    26  stm32f10x_usart.o(i.USART_GetFlagStatus)
    USART_GetITStatus                        0x0800377d   Thumb Code    84  stm32f10x_usart.o(i.USART_GetITStatus)
    USART_ITConfig                           0x080037d1   Thumb Code    74  stm32f10x_usart.o(i.USART_ITConfig)
    USART_Init                               0x0800381d   Thumb Code   210  stm32f10x_usart.o(i.USART_Init)
    USART_ReceiveData                        0x080038f5   Thumb Code    10  stm32f10x_usart.o(i.USART_ReceiveData)
    USART_SendByte                           0x080038ff   Thumb Code    28  my_usart1.o(i.USART_SendByte)
    USART_SendData                           0x0800391b   Thumb Code     8  stm32f10x_usart.o(i.USART_SendData)
    UsageFault_Handler                       0x08003923   Thumb Code     4  stm32f10x_it.o(i.UsageFault_Handler)
    Usart3_Init                              0x08003929   Thumb Code   166  usart3.o(i.Usart3_Init)
    Usart_SendByte                           0x080039dd   Thumb Code    30  usart3.o(i.Usart_SendByte)
    __0sprintf                               0x08003ab1   Thumb Code    34  printfa.o(i.__0sprintf)
    __1sprintf                               0x08003ab1   Thumb Code     0  printfa.o(i.__0sprintf)
    __2sprintf                               0x08003ab1   Thumb Code     0  printfa.o(i.__0sprintf)
    __c89sprintf                             0x08003ab1   Thumb Code     0  printfa.o(i.__0sprintf)
    sprintf                                  0x08003ab1   Thumb Code     0  printfa.o(i.__0sprintf)
    __0vsprintf                              0x08003ad9   Thumb Code    30  printfa.o(i.__0vsprintf)
    __1vsprintf                              0x08003ad9   Thumb Code     0  printfa.o(i.__0vsprintf)
    __2vsprintf                              0x08003ad9   Thumb Code     0  printfa.o(i.__0vsprintf)
    __c89vsprintf                            0x08003ad9   Thumb Code     0  printfa.o(i.__0vsprintf)
    vsprintf                                 0x08003ad9   Thumb Code     0  printfa.o(i.__0vsprintf)
    __aeabi_errno_addr                       0x08003afd   Thumb Code     4  errno.o(i.__aeabi_errno_addr)
    __rt_errno_addr                          0x08003afd   Thumb Code     0  errno.o(i.__aeabi_errno_addr)
    __mathlib_dbl_invalid                    0x08003b05   Thumb Code    12  dunder.o(i.__mathlib_dbl_invalid)
    __scatterload_copy                       0x08003b11   Thumb Code    14  handlers.o(i.__scatterload_copy)
    __scatterload_null                       0x08003b1f   Thumb Code     2  handlers.o(i.__scatterload_null)
    __scatterload_zeroinit                   0x08003b21   Thumb Code    14  handlers.o(i.__scatterload_zeroinit)
    __set_errno                              0x08003b31   Thumb Code     6  errno.o(i.__set_errno)
    calculate_day_of_year                    0x080043d1   Thumb Code    94  solar.o(i.calculate_day_of_year)
    calculate_sun_longitude                  0x08004435   Thumb Code   118  solar.o(i.calculate_sun_longitude)
    delay_init                               0x080044cd   Thumb Code    50  delay.o(i.delay_init)
    delay_ms                                 0x08004511   Thumb Code    72  delay.o(i.delay_ms)
    delay_us                                 0x0800455d   Thumb Code    72  delay.o(i.delay_us)
    fmod                                     0x080045a9   Thumb Code   144  fmod.o(i.fmod)
    get_day_of_solar                         0x0800463d   Thumb Code    44  solar.o(i.get_day_of_solar)
    get_solar_term                           0x08004669   Thumb Code   746  solar.o(i.get_solar_term)
    gyIIC_Ack                                0x080049b1   Thumb Code    64  gy30iic.o(i.gyIIC_Ack)
    gyIIC_Init                               0x080049fd   Thumb Code    46  gy30iic.o(i.gyIIC_Init)
    gyIIC_NAck                               0x08004a31   Thumb Code    66  gy30iic.o(i.gyIIC_NAck)
    gyIIC_Read_Byte                          0x08004a81   Thumb Code    96  gy30iic.o(i.gyIIC_Read_Byte)
    gyIIC_Send_Byte                          0x08004aed   Thumb Code    90  gy30iic.o(i.gyIIC_Send_Byte)
    gyIIC_Start                              0x08004b55   Thumb Code    64  gy30iic.o(i.gyIIC_Start)
    gyIIC_Stop                               0x08004ba1   Thumb Code    62  gy30iic.o(i.gyIIC_Stop)
    gyIIC_Wait_Ack                           0x08004bed   Thumb Code    88  gy30iic.o(i.gyIIC_Wait_Ack)
    main                                     0x08004c51   Thumb Code   130  main.o(i.main)
    mid                                      0x08004d09   Thumb Code    78  usart3.o(i.mid)
    oled_Clear                               0x08004d57   Thumb Code    62  bsp_oled_iic.o(i.oled_Clear)
    oled_Init                                0x08004d95   Thumb Code   304  bsp_oled_iic.o(i.oled_Init)
    oled_ShowCHinese                         0x08004ec9   Thumb Code    98  bsp_oled_iic.o(i.oled_ShowCHinese)
    oled_ShowNum                             0x08004f31   Thumb Code   136  bsp_oled_iic.o(i.oled_ShowNum)
    oled_ShowString                          0x08004fb9   Thumb Code    58  bsp_oled_iic.o(i.oled_ShowString)
    oled_pow                                 0x08004ff3   Thumb Code    22  bsp_oled_iic.o(i.oled_pow)
    showChinaCalendar                        0x08005009   Thumb Code   244  menu.o(i.showChinaCalendar)
    u1_printf                                0x080050fd   Thumb Code    72  my_usart1.o(i.u1_printf)
    u3_printf                                0x0800514d   Thumb Code    72  usart3.o(i.u3_printf)
    table_week                               0x080089b4   Data          12  rtc.o(.constdata)
    mon_table                                0x080089c0   Data          12  rtc.o(.constdata)
    year_code                                0x0800c1e4   Data         597  calendar.o(.constdata)
    YearMonthBit                             0x0800c439   Data         153  calendar.o(.constdata)
    days                                     0x0800c4d2   Data          24  calendar.o(.constdata)
    day_code1                                0x0800c4ea   Data           9  calendar.o(.constdata)
    day_code2                                0x0800c4f4   Data           6  calendar.o(.constdata)
    __ctype_table                            0x0800fd5c   Data         129  ctype_o.o(.constdata)
    Region$$Table$$Base                      0x0800fde4   Number         0  anon$$obj.o(Region$$Table)
    Region$$Table$$Limit                     0x0800fe04   Number         0  anon$$obj.o(Region$$Table)
    SensorData                               0x20000000   Data           4  main.o(.data)
    System                                   0x20000004   Data           7  main.o(.data)
    OperateMode                              0x2000000b   Data           1  menu.o(.data)
    Alarm1                                   0x2000000d   Data           3  menu.o(.data)
    Alarm2                                   0x20000010   Data           3  menu.o(.data)
    Alarm3                                   0x20000013   Data           3  menu.o(.data)
    Time1Count                               0x2000001e   Data           2  time1.o(.data)
    Time1Count1                              0x20000020   Data           2  time1.o(.data)
    AlarmCount                               0x20000022   Data           2  time1.o(.data)
    USART3_RX_Count                          0x20000024   Data           1  usart3.o(.data)
    USART3_RX_STA                            0x20000026   Data           2  usart3.o(.data)
    dest                                     0x20000028   Data           5  usart3.o(.data)
    MyRTC_Time                               0x2000004e   Data          12  myrtc.o(.data)
    isKey1                                   0x20000068   Data           1  key.o(.data)
    isKey2                                   0x20000069   Data           1  key.o(.data)
    isKey3                                   0x2000006a   Data           1  key.o(.data)
    isKey4                                   0x2000006b   Data           1  key.o(.data)
    isKey5                                   0x2000006c   Data           1  key.o(.data)
    isKey6                                   0x2000006d   Data           1  key.o(.data)
    isKey7                                   0x2000006e   Data           1  key.o(.data)
    isKey8                                   0x2000006f   Data           1  key.o(.data)
    leddelya                                 0x20000078   Data           4  led.o(.data)
    tempInt                                  0x20000084   Data           1  dht11.o(.data)
    tempDeci                                 0x20000085   Data           1  dht11.o(.data)
    humiInt                                  0x20000086   Data           1  dht11.o(.data)
    humiDeci                                 0x20000087   Data           1  dht11.o(.data)
    x                                        0x20000088   Data           1  dht11.o(.data)
    tscx                                     0x20000089   Data           1  dht11.o(.data)
    dht11Data                                0x2000008a   Data           5  dht11.o(.data)
    SystemCoreClock                          0x20000090   Data           4  system_stm32f10x.o(.data)
    AHBPrescTable                            0x20000094   Data          16  system_stm32f10x.o(.data)
    USART1_TxBuff                            0x200000c0   Data         256  my_usart1.o(.bss)
    USART3_RX_BUF                            0x200001c0   Data         400  usart3.o(.bss)
    USART3_Cach_BUF                          0x20000350   Data         400  usart3.o(.bss)
    USART3_TX_BUF                            0x200004e0   Data         400  usart3.o(.bss)
    USART3_TxBuff                            0x20000670   Data         128  usart3.o(.bss)
    calendar                                 0x200006f0   Data          10  rtc.o(.bss)
    __initial_sp                             0x20000b28   Data           0  startup_stm32f10x_md.o(STACK)



==============================================================================

Memory Map of the image

  Image Entry point : 0x080000ed

  Load Region LR_IROM1 (Base: 0x08000000, Size: 0x0000fec0, Max: 0x00010000, ABSOLUTE)

    Execution Region ER_IROM1 (Exec base: 0x08000000, Load base: 0x08000000, Size: 0x0000fe04, Max: 0x00010000, ABSOLUTE)

    Exec Addr    Load Addr    Size         Type   Attr      Idx    E Section Name        Object

    0x08000000   0x08000000   0x000000ec   Data   RO         1116    RESET               startup_stm32f10x_md.o
    0x080000ec   0x080000ec   0x00000000   Code   RO         3257  * .ARM.Collect$$$$00000000  mc_w.l(entry.o)
    0x080000ec   0x080000ec   0x00000004   Code   RO         3574    .ARM.Collect$$$$00000001  mc_w.l(entry2.o)
    0x080000f0   0x080000f0   0x00000004   Code   RO         3577    .ARM.Collect$$$$00000004  mc_w.l(entry5.o)
    0x080000f4   0x080000f4   0x00000000   Code   RO         3579    .ARM.Collect$$$$00000008  mc_w.l(entry7b.o)
    0x080000f4   0x080000f4   0x00000000   Code   RO         3581    .ARM.Collect$$$$0000000A  mc_w.l(entry8b.o)
    0x080000f4   0x080000f4   0x00000008   Code   RO         3582    .ARM.Collect$$$$0000000B  mc_w.l(entry9a.o)
    0x080000fc   0x080000fc   0x00000004   Code   RO         3589    .ARM.Collect$$$$0000000E  mc_w.l(entry12b.o)
    0x08000100   0x08000100   0x00000000   Code   RO         3584    .ARM.Collect$$$$0000000F  mc_w.l(entry10a.o)
    0x08000100   0x08000100   0x00000000   Code   RO         3586    .ARM.Collect$$$$00000011  mc_w.l(entry11a.o)
    0x08000100   0x08000100   0x00000004   Code   RO         3575    .ARM.Collect$$$$00002712  mc_w.l(entry2.o)
    0x08000104   0x08000104   0x00000024   Code   RO         1117    .text               startup_stm32f10x_md.o
    0x08000128   0x08000128   0x000000a8   Code   RO         3264    .text               mc_w.l(mktime.o)
    0x080001d0   0x080001d0   0x00000024   Code   RO         3267    .text               mc_w.l(memcpya.o)
    0x080001f4   0x080001f4   0x00000024   Code   RO         3269    .text               mc_w.l(strstr.o)
    0x08000218   0x08000218   0x0000000e   Code   RO         3271    .text               mc_w.l(strlen.o)
    0x08000226   0x08000226   0x0000001c   Code   RO         3273    .text               mc_w.l(strcmp.o)
    0x08000242   0x08000242   0x0000001a   Code   RO         3538    .text               mc_w.l(atoi.o)
    0x0800025c   0x0800025c   0x0000007c   Code   RO         3540    .text               mf_w.l(fdiv.o)
    0x080002d8   0x080002d8   0x0000014e   Code   RO         3542    .text               mf_w.l(dadd.o)
    0x08000426   0x08000426   0x000000e4   Code   RO         3544    .text               mf_w.l(dmul.o)
    0x0800050a   0x0800050a   0x000000de   Code   RO         3546    .text               mf_w.l(ddiv.o)
    0x080005e8   0x080005e8   0x0000000a   Code   RO         3548    .text               mf_w.l(ffltui.o)
    0x080005f2   0x080005f2   0x00000022   Code   RO         3550    .text               mf_w.l(dflti.o)
    0x08000614   0x08000614   0x00000028   Code   RO         3552    .text               mf_w.l(ffixui.o)
    0x0800063c   0x0800063c   0x00000026   Code   RO         3554    .text               mf_w.l(f2d.o)
    0x08000662   0x08000662   0x00000002   PAD
    0x08000664   0x08000664   0x00000030   Code   RO         3556    .text               mf_w.l(cdcmple.o)
    0x08000694   0x08000694   0x00000030   Code   RO         3558    .text               mf_w.l(cdrcmple.o)
    0x080006c4   0x080006c4   0x0000002c   Code   RO         3593    .text               mc_w.l(uidiv.o)
    0x080006f0   0x080006f0   0x00000062   Code   RO         3595    .text               mc_w.l(uldiv.o)
    0x08000752   0x08000752   0x0000001e   Code   RO         3597    .text               mc_w.l(llshl.o)
    0x08000770   0x08000770   0x00000024   Code   RO         3599    .text               mc_w.l(llsshr.o)
    0x08000794   0x08000794   0x0000000c   Code   RO         3601    .text               mc_w.l(localtime_w.o)
    0x080007a0   0x080007a0   0x0000008c   Code   RO         3604    .text               mc_w.l(localtime_i.o)
    0x0800082c   0x0800082c   0x00000070   Code   RO         3614    .text               mc_w.l(strtol.o)
    0x0800089c   0x0800089c   0x00000000   Code   RO         3616    .text               mc_w.l(iusefp.o)
    0x0800089c   0x0800089c   0x0000006e   Code   RO         3617    .text               mf_w.l(fepilogue.o)
    0x0800090a   0x0800090a   0x000000ba   Code   RO         3619    .text               mf_w.l(depilogue.o)
    0x080009c4   0x080009c4   0x00000086   Code   RO         3621    .text               mf_w.l(drem.o)
    0x08000a4a   0x08000a4a   0x00000030   Code   RO         3623    .text               mf_w.l(dfixul.o)
    0x08000a7a   0x08000a7a   0x00000002   PAD
    0x08000a7c   0x08000a7c   0x00000024   Code   RO         3625    .text               mc_w.l(init.o)
    0x08000aa0   0x08000aa0   0x00000020   Code   RO         3628    .text               mc_w.l(llushr.o)
    0x08000ac0   0x08000ac0   0x00000008   Code   RO         3630    .text               mc_w.l(ctype_o.o)
    0x08000ac8   0x08000ac8   0x0000009e   Code   RO         3658    .text               mc_w.l(_strtoul.o)
    0x08000b66   0x08000b66   0x0000001c   Code   RO         3663    .text               mc_w.l(_chval.o)
    0x08000b82   0x08000b82   0x00000002   PAD
    0x08000b84   0x08000b84   0x000000f4   Code   RO          220    i.AutoContrl        menu.o
    0x08000c78   0x08000c78   0x00000020   Code   RO         1008    i.BH1750_Init       gy30.o
    0x08000c98   0x08000c98   0x0000000a   Code   RO         1009    i.BH1750_Power_OFF  gy30.o
    0x08000ca2   0x08000ca2   0x0000000a   Code   RO         1010    i.BH1750_Power_ON   gy30.o
    0x08000cac   0x08000cac   0x0000000a   Code   RO         1011    i.BH1750_RESET      gy30.o
    0x08000cb6   0x08000cb6   0x00000034   Code   RO         1012    i.BH1750_Read_Data  gy30.o
    0x08000cea   0x08000cea   0x0000002e   Code   RO         1013    i.BH1750_WriteByte  gy30.o
    0x08000d18   0x08000d18   0x0000001c   Code   RO         1431    i.BKP_ReadBackupRegister  stm32f10x_bkp.o
    0x08000d34   0x08000d34   0x0000001c   Code   RO         1435    i.BKP_WriteBackupRegister  stm32f10x_bkp.o
    0x08000d50   0x08000d50   0x00000054   Code   RO          599    i.Beep_Init         bsp_beep.o
    0x08000da4   0x08000da4   0x0000007c   Code   RO          600    i.Beep_StateRefresh  bsp_beep.o
    0x08000e20   0x08000e20   0x00000240   Code   RO          388    i.Bluetooth_Analyse  usart3.o
    0x08001060   0x08001060   0x00000004   Code   RO          736    i.BusFault_Handler  stm32f10x_it.o
    0x08001064   0x08001064   0x00000028   Code   RO          799    i.DHT11_GPIO_Config  dht11.o
    0x0800108c   0x0800108c   0x00000014   Code   RO          800    i.DHT11_Init        dht11.o
    0x080010a0   0x080010a0   0x0000001c   Code   RO          801    i.DHT11_Mode_IPU    dht11.o
    0x080010bc   0x080010bc   0x00000020   Code   RO          802    i.DHT11_Mode_Out_PP  dht11.o
    0x080010dc   0x080010dc   0x00000060   Code   RO          803    i.DHT11_ReadByte    dht11.o
    0x0800113c   0x0800113c   0x000000a0   Code   RO          804    i.DHT11_Read_TempAndHumidity  dht11.o
    0x080011dc   0x080011dc   0x00000002   Code   RO          737    i.DebugMon_Handler  stm32f10x_it.o
    0x080011de   0x080011de   0x0000001a   Code   RO          850    i.Delay_1ms         bsp_oled_iic.o
    0x080011f8   0x080011f8   0x00000116   Code   RO         1694    i.GPIO_Init         stm32f10x_gpio.o
    0x0800130e   0x0800130e   0x00000012   Code   RO         1698    i.GPIO_ReadInputDataBit  stm32f10x_gpio.o
    0x08001320   0x08001320   0x00000004   Code   RO         1701    i.GPIO_ResetBits    stm32f10x_gpio.o
    0x08001324   0x08001324   0x00000004   Code   RO         1702    i.GPIO_SetBits      stm32f10x_gpio.o
    0x08001328   0x08001328   0x00000208   Code   RO         3180    i.GetChinaCalendar  calendar.o
    0x08001530   0x08001530   0x00000120   Code   RO         3181    i.GetMoonDay        calendar.o
    0x08001650   0x08001650   0x00000038   Code   RO         3182    i.GetSkyEarth       calendar.o
    0x08001688   0x08001688   0x00000004   Code   RO          738    i.HardFault_Handler  stm32f10x_it.o
    0x0800168c   0x0800168c   0x00000030   Code   RO          852    i.IIC_Start         bsp_oled_iic.o
    0x080016bc   0x080016bc   0x00000028   Code   RO          853    i.IIC_Stop          bsp_oled_iic.o
    0x080016e4   0x080016e4   0x0000001c   Code   RO          854    i.IIC_Wait_Ack      bsp_oled_iic.o
    0x08001700   0x08001700   0x0000073c   Code   RO          221    i.Inform_Show       menu.o
    0x08001e3c   0x08001e3c   0x0000003a   Code   RO          509    i.Is_Leap_Year      rtc.o
    0x08001e76   0x08001e76   0x00000002   PAD
    0x08001e78   0x08001e78   0x00000048   Code   RO          623    i.KEY_Init          key.o
    0x08001ec0   0x08001ec0   0x00000014   Code   RO          624    i.Key1Press         key.o
    0x08001ed4   0x08001ed4   0x00000014   Code   RO          625    i.Key2Press         key.o
    0x08001ee8   0x08001ee8   0x00000014   Code   RO          626    i.Key3Press         key.o
    0x08001efc   0x08001efc   0x00000014   Code   RO          627    i.Key4Press         key.o
    0x08001f10   0x08001f10   0x00000014   Code   RO          628    i.Key5Press         key.o
    0x08001f24   0x08001f24   0x000001b8   Code   RO          632    i.KeyScan           key.o
    0x080020dc   0x080020dc   0x0000002c   Code   RO          697    i.LED_GPIO_Config   led.o
    0x08002108   0x08002108   0x00000080   Code   RO          698    i.LED_StateRefresh  led.o
    0x08002188   0x08002188   0x0000001c   Code   RO         1014    i.Light_Intensity   gy30.o
    0x080021a4   0x080021a4   0x00000004   Code   RO          739    i.MemManage_Handler  stm32f10x_it.o
    0x080021a8   0x080021a8   0x000000d8   Code   RO          222    i.Mode_Decide       menu.o
    0x08002280   0x08002280   0x00000072   Code   RO          465    i.MyRTC_Init        myrtc.o
    0x080022f2   0x080022f2   0x00000002   PAD
    0x080022f4   0x080022f4   0x00000048   Code   RO          466    i.MyRTC_ReadTime    myrtc.o
    0x0800233c   0x0800233c   0x0000004c   Code   RO          467    i.MyRTC_SetTime     myrtc.o
    0x08002388   0x08002388   0x0000008c   Code   RO          347    i.My_USART1         my_usart1.o
    0x08002414   0x08002414   0x00000002   Code   RO          740    i.NMI_Handler       stm32f10x_it.o
    0x08002416   0x08002416   0x000000b4   Code   RO          451    i.NVIC_Config       sys.o
    0x080024ca   0x080024ca   0x00000002   PAD
    0x080024cc   0x080024cc   0x00000070   Code   RO         1166    i.NVIC_Init         misc.o
    0x0800253c   0x0800253c   0x00000014   Code   RO         1167    i.NVIC_PriorityGroupConfig  misc.o
    0x08002550   0x08002550   0x00000028   Code   RO          855    i.OLED_Set_Pos      bsp_oled_iic.o
    0x08002578   0x08002578   0x00000078   Code   RO          856    i.OLED_ShowChar     bsp_oled_iic.o
    0x080025f0   0x080025f0   0x00000018   Code   RO          858    i.OLED_WR_Byte      bsp_oled_iic.o
    0x08002608   0x08002608   0x0000000c   Code   RO         2048    i.PWR_BackupAccessCmd  stm32f10x_pwr.o
    0x08002614   0x08002614   0x00000002   Code   RO          741    i.PendSV_Handler    stm32f10x_it.o
    0x08002616   0x08002616   0x00000002   PAD
    0x08002618   0x08002618   0x00000020   Code   RO         2110    i.RCC_APB1PeriphClockCmd  stm32f10x_rcc.o
    0x08002638   0x08002638   0x00000020   Code   RO         2112    i.RCC_APB2PeriphClockCmd  stm32f10x_rcc.o
    0x08002658   0x08002658   0x000000d4   Code   RO         2120    i.RCC_GetClocksFreq  stm32f10x_rcc.o
    0x0800272c   0x0800272c   0x0000003c   Code   RO         2121    i.RCC_GetFlagStatus  stm32f10x_rcc.o
    0x08002768   0x08002768   0x00000034   Code   RO         2128    i.RCC_LSEConfig     stm32f10x_rcc.o
    0x0800279c   0x0800279c   0x0000000c   Code   RO         2135    i.RCC_RTCCLKCmd     stm32f10x_rcc.o
    0x080027a8   0x080027a8   0x00000010   Code   RO         2136    i.RCC_RTCCLKConfig  stm32f10x_rcc.o
    0x080027b8   0x080027b8   0x00000010   Code   RO         2309    i.RTC_ClearITPendingBit  stm32f10x_rtc.o
    0x080027c8   0x080027c8   0x00000014   Code   RO         2310    i.RTC_EnterConfigMode  stm32f10x_rtc.o
    0x080027dc   0x080027dc   0x00000014   Code   RO         2311    i.RTC_ExitConfigMode  stm32f10x_rtc.o
    0x080027f0   0x080027f0   0x00000100   Code   RO          511    i.RTC_Get           rtc.o
    0x080028f0   0x080028f0   0x00000014   Code   RO         2312    i.RTC_GetCounter    stm32f10x_rtc.o
    0x08002904   0x08002904   0x00000024   Code   RO         2315    i.RTC_GetITStatus   stm32f10x_rtc.o
    0x08002928   0x08002928   0x00000078   Code   RO          512    i.RTC_Get_Week      rtc.o
    0x080029a0   0x080029a0   0x0000001a   Code   RO          513    i.RTC_IRQHandler    rtc.o
    0x080029ba   0x080029ba   0x00000002   PAD
    0x080029bc   0x080029bc   0x0000001c   Code   RO         2318    i.RTC_SetCounter    stm32f10x_rtc.o
    0x080029d8   0x080029d8   0x00000020   Code   RO         2319    i.RTC_SetPrescaler  stm32f10x_rtc.o
    0x080029f8   0x080029f8   0x00000014   Code   RO         2320    i.RTC_WaitForLastTask  stm32f10x_rtc.o
    0x08002a0c   0x08002a0c   0x00000024   Code   RO         2321    i.RTC_WaitForSynchro  stm32f10x_rtc.o
    0x08002a30   0x08002a30   0x00000002   Code   RO          742    i.SVC_Handler       stm32f10x_it.o
    0x08002a32   0x08002a32   0x00000008   Code   RO         1132    i.SetSysClock       system_stm32f10x.o
    0x08002a3a   0x08002a3a   0x00000002   PAD
    0x08002a3c   0x08002a3c   0x000000e0   Code   RO         1133    i.SetSysClockTo72   system_stm32f10x.o
    0x08002b1c   0x08002b1c   0x00000028   Code   RO         1170    i.SysTick_CLKSourceConfig  misc.o
    0x08002b44   0x08002b44   0x00000002   Code   RO          743    i.SysTick_Handler   stm32f10x_it.o
    0x08002b46   0x08002b46   0x00000002   PAD
    0x08002b48   0x08002b48   0x00000060   Code   RO         1135    i.SystemInit        system_stm32f10x.o
    0x08002ba8   0x08002ba8   0x0000006c   Code   RO          286    i.TIM1_Int_Init     time1.o
    0x08002c14   0x08002c14   0x0000008c   Code   RO          288    i.TIM1_UP_IRQHandler  time1.o
    0x08002ca0   0x08002ca0   0x0000001a   Code   RO          318    i.TIM2_IRQHandler   time2.o
    0x08002cba   0x08002cba   0x00000006   Code   RO         2408    i.TIM_ClearFlag     stm32f10x_tim.o
    0x08002cc0   0x08002cc0   0x00000006   Code   RO         2409    i.TIM_ClearITPendingBit  stm32f10x_tim.o
    0x08002cc6   0x08002cc6   0x00000018   Code   RO         2414    i.TIM_Cmd           stm32f10x_tim.o
    0x08002cde   0x08002cde   0x00000022   Code   RO         2435    i.TIM_GetITStatus   stm32f10x_tim.o
    0x08002d00   0x08002d00   0x00000012   Code   RO         2439    i.TIM_ITConfig      stm32f10x_tim.o
    0x08002d12   0x08002d12   0x00000002   PAD
    0x08002d14   0x08002d14   0x000000a4   Code   RO         2485    i.TIM_TimeBaseInit  stm32f10x_tim.o
    0x08002db8   0x08002db8   0x0000049c   Code   RO          223    i.ThresholdSet      menu.o
    0x08003254   0x08003254   0x0000004c   Code   RO            1    i.Threshold_Init    main.o
    0x080032a0   0x080032a0   0x0000004a   Code   RO          224    i.Time_Limit        menu.o
    0x080032ea   0x080032ea   0x00000002   PAD
    0x080032ec   0x080032ec   0x000003a8   Code   RO          225    i.TimingSet         menu.o
    0x08003694   0x08003694   0x00000020   Code   RO          348    i.USART1_IRQHandler  my_usart1.o
    0x080036b4   0x080036b4   0x00000078   Code   RO          390    i.USART3_IRQHandler  usart3.o
    0x0800372c   0x0800372c   0x0000001e   Code   RO         2947    i.USART_ClearITPendingBit  stm32f10x_usart.o
    0x0800374a   0x0800374a   0x00000018   Code   RO         2950    i.USART_Cmd         stm32f10x_usart.o
    0x08003762   0x08003762   0x0000001a   Code   RO         2953    i.USART_GetFlagStatus  stm32f10x_usart.o
    0x0800377c   0x0800377c   0x00000054   Code   RO         2954    i.USART_GetITStatus  stm32f10x_usart.o
    0x080037d0   0x080037d0   0x0000004a   Code   RO         2956    i.USART_ITConfig    stm32f10x_usart.o
    0x0800381a   0x0800381a   0x00000002   PAD
    0x0800381c   0x0800381c   0x000000d8   Code   RO         2957    i.USART_Init        stm32f10x_usart.o
    0x080038f4   0x080038f4   0x0000000a   Code   RO         2964    i.USART_ReceiveData  stm32f10x_usart.o
    0x080038fe   0x080038fe   0x0000001c   Code   RO          349    i.USART_SendByte    my_usart1.o
    0x0800391a   0x0800391a   0x00000008   Code   RO         2967    i.USART_SendData    stm32f10x_usart.o
    0x08003922   0x08003922   0x00000004   Code   RO          744    i.UsageFault_Handler  stm32f10x_it.o
    0x08003926   0x08003926   0x00000002   PAD
    0x08003928   0x08003928   0x000000b4   Code   RO          391    i.Usart3_Init       usart3.o
    0x080039dc   0x080039dc   0x0000001e   Code   RO          392    i.Usart_SendByte    usart3.o
    0x080039fa   0x080039fa   0x00000002   PAD
    0x080039fc   0x080039fc   0x0000005c   Code   RO          859    i.Write_IIC_Byte    bsp_oled_iic.o
    0x08003a58   0x08003a58   0x0000002c   Code   RO          860    i.Write_IIC_Command  bsp_oled_iic.o
    0x08003a84   0x08003a84   0x0000002c   Code   RO          861    i.Write_IIC_Data    bsp_oled_iic.o
    0x08003ab0   0x08003ab0   0x00000028   Code   RO         3512    i.__0sprintf        mc_w.l(printfa.o)
    0x08003ad8   0x08003ad8   0x00000024   Code   RO         3516    i.__0vsprintf       mc_w.l(printfa.o)
    0x08003afc   0x08003afc   0x00000008   Code   RO         3607    i.__aeabi_errno_addr  mc_w.l(errno.o)
    0x08003b04   0x08003b04   0x0000000c   Code   RO         3563    i.__mathlib_dbl_invalid  m_ws.l(dunder.o)
    0x08003b10   0x08003b10   0x0000000e   Code   RO         3667    i.__scatterload_copy  mc_w.l(handlers.o)
    0x08003b1e   0x08003b1e   0x00000002   Code   RO         3668    i.__scatterload_null  mc_w.l(handlers.o)
    0x08003b20   0x08003b20   0x0000000e   Code   RO         3669    i.__scatterload_zeroinit  mc_w.l(handlers.o)
    0x08003b2e   0x08003b2e   0x00000002   PAD
    0x08003b30   0x08003b30   0x0000000c   Code   RO         3609    i.__set_errno       mc_w.l(errno.o)
    0x08003b3c   0x08003b3c   0x00000184   Code   RO         3517    i._fp_digits        mc_w.l(printfa.o)
    0x08003cc0   0x08003cc0   0x000006b4   Code   RO         3518    i._printf_core      mc_w.l(printfa.o)
    0x08004374   0x08004374   0x00000024   Code   RO         3519    i._printf_post_padding  mc_w.l(printfa.o)
    0x08004398   0x08004398   0x0000002e   Code   RO         3520    i._printf_pre_padding  mc_w.l(printfa.o)
    0x080043c6   0x080043c6   0x0000000a   Code   RO         3522    i._sputc            mc_w.l(printfa.o)
    0x080043d0   0x080043d0   0x00000064   Code   RO         3217    i.calculate_day_of_year  solar.o
    0x08004434   0x08004434   0x00000098   Code   RO         3218    i.calculate_sun_longitude  solar.o
    0x080044cc   0x080044cc   0x00000044   Code   RO          570    i.delay_init        delay.o
    0x08004510   0x08004510   0x0000004c   Code   RO          571    i.delay_ms          delay.o
    0x0800455c   0x0800455c   0x0000004c   Code   RO          572    i.delay_us          delay.o
    0x080045a8   0x080045a8   0x00000094   Code   RO         3250    i.fmod              m_ws.l(fmod.o)
    0x0800463c   0x0800463c   0x0000002c   Code   RO         3219    i.get_day_of_solar  solar.o
    0x08004668   0x08004668   0x00000348   Code   RO         3220    i.get_solar_term    solar.o
    0x080049b0   0x080049b0   0x0000004c   Code   RO         1058    i.gyIIC_Ack         gy30iic.o
    0x080049fc   0x080049fc   0x00000034   Code   RO         1059    i.gyIIC_Init        gy30iic.o
    0x08004a30   0x08004a30   0x00000050   Code   RO         1060    i.gyIIC_NAck        gy30iic.o
    0x08004a80   0x08004a80   0x0000006c   Code   RO         1061    i.gyIIC_Read_Byte   gy30iic.o
    0x08004aec   0x08004aec   0x00000068   Code   RO         1062    i.gyIIC_Send_Byte   gy30iic.o
    0x08004b54   0x08004b54   0x0000004c   Code   RO         1063    i.gyIIC_Start       gy30iic.o
    0x08004ba0   0x08004ba0   0x0000004c   Code   RO         1064    i.gyIIC_Stop        gy30iic.o
    0x08004bec   0x08004bec   0x00000064   Code   RO         1065    i.gyIIC_Wait_Ack    gy30iic.o
    0x08004c50   0x08004c50   0x000000b8   Code   RO            2    i.main              main.o
    0x08004d08   0x08004d08   0x0000004e   Code   RO          394    i.mid               usart3.o
    0x08004d56   0x08004d56   0x0000003e   Code   RO          863    i.oled_Clear        bsp_oled_iic.o
    0x08004d94   0x08004d94   0x00000134   Code   RO          869    i.oled_Init         bsp_oled_iic.o
    0x08004ec8   0x08004ec8   0x00000068   Code   RO          871    i.oled_ShowCHinese  bsp_oled_iic.o
    0x08004f30   0x08004f30   0x00000088   Code   RO          872    i.oled_ShowNum      bsp_oled_iic.o
    0x08004fb8   0x08004fb8   0x0000003a   Code   RO          873    i.oled_ShowString   bsp_oled_iic.o
    0x08004ff2   0x08004ff2   0x00000016   Code   RO          874    i.oled_pow          bsp_oled_iic.o
    0x08005008   0x08005008   0x000000f4   Code   RO          226    i.showChinaCalendar  menu.o
    0x080050fc   0x080050fc   0x00000050   Code   RO          350    i.u1_printf         my_usart1.o
    0x0800514c   0x0800514c   0x00000050   Code   RO          395    i.u3_printf         usart3.o
    0x0800519c   0x0800519c   0x00003830   Data   RO          518    .constdata          rtc.o
    0x080089cc   0x080089cc   0x00003818   Data   RO          875    .constdata          bsp_oled_iic.o
    0x0800c1e4   0x0800c1e4   0x00000316   Data   RO         3184    .constdata          calendar.o
    0x0800c4fa   0x0800c4fa   0x00000002   PAD
    0x0800c4fc   0x0800c4fc   0x00003848   Data   RO         3221    .constdata          solar.o
    0x0800fd44   0x0800fd44   0x0000000c   Data   RO         3265    .constdata          mc_w.l(mktime.o)
    0x0800fd50   0x0800fd50   0x0000000c   Data   RO         3605    .constdata          mc_w.l(localtime_i.o)
    0x0800fd5c   0x0800fd5c   0x00000081   Data   RO         3631    .constdata          mc_w.l(ctype_o.o)
    0x0800fddd   0x0800fddd   0x00000003   PAD
    0x0800fde0   0x0800fde0   0x00000004   Data   RO         3632    .constdata          mc_w.l(ctype_o.o)
    0x0800fde4   0x0800fde4   0x00000020   Data   RO         3665    Region$$Table       anon$$obj.o


    Execution Region RW_IRAM1 (Exec base: 0x20000000, Load base: 0x0800fe04, Size: 0x00000b28, Max: 0x00005000, ABSOLUTE)

    Exec Addr    Load Addr    Size         Type   Attr      Idx    E Section Name        Object

    0x20000000   0x0800fe04   0x0000000b   Data   RW            4    .data               main.o
    0x2000000b   0x0800fe0f   0x00000013   Data   RW          228    .data               menu.o
    0x2000001e   0x0800fe22   0x00000006   Data   RW          290    .data               time1.o
    0x20000024   0x0800fe28   0x0000002a   Data   RW          398    .data               usart3.o
    0x2000004e   0x0800fe52   0x0000000c   Data   RW          469    .data               myrtc.o
    0x2000005a   0x0800fe5e   0x00000002   Data   RW          519    .data               rtc.o
    0x2000005c   0x0800fe60   0x00000004   Data   RW          573    .data               delay.o
    0x20000060   0x0800fe64   0x00000008   Data   RW          602    .data               bsp_beep.o
    0x20000068   0x0800fe6c   0x00000010   Data   RW          634    .data               key.o
    0x20000078   0x0800fe7c   0x0000000c   Data   RW          702    .data               led.o
    0x20000084   0x0800fe88   0x0000000b   Data   RW          807    .data               dht11.o
    0x2000008f   0x0800fe93   0x00000001   PAD
    0x20000090   0x0800fe94   0x00000014   Data   RW         1136    .data               system_stm32f10x.o
    0x200000a4   0x0800fea8   0x00000014   Data   RW         2140    .data               stm32f10x_rcc.o
    0x200000b8   0x0800febc   0x00000004   Data   RW         3610    .data               mc_w.l(errno.o)
    0x200000bc   0x0800fec0   0x00000004   PAD
    0x200000c0        -       0x00000100   Zero   RW          351    .bss                my_usart1.o
    0x200001c0        -       0x00000530   Zero   RW          396    .bss                usart3.o
    0x200006f0        -       0x0000000a   Zero   RW          517    .bss                rtc.o
    0x200006fa   0x0800fec0   0x00000002   PAD
    0x200006fc        -       0x0000002c   Zero   RW         3602    .bss                mc_w.l(localtime_w.o)
    0x20000728        -       0x00000400   Zero   RW         1114    STACK               startup_stm32f10x_md.o


==============================================================================

Image component sizes


      Code (inc. data)   RO Data    RW Data    ZI Data      Debug   Object Name

       208         20          0          8          0       1048   bsp_beep.o
      1196         34      14360          0          0      10542   bsp_oled_iic.o
       864         34        790          0          0       3596   calendar.o
       220         26          0          4          0       1635   delay.o
       376         28          0         11          0       4503   dht11.o
       188          6          0          0          0       3290   gy30.o
       672         96          0          0          0       4082   gy30iic.o
       612         50          0         16          0       3683   key.o
       172         16          0         12          0       1316   led.o
       260         70          0         11          0     255787   main.o
      4746        238          0         19          0       9516   menu.o
       172         22          0          0          0       2181   misc.o
       280         22          0          0        256       3377   my_usart1.o
       262         10          0         12          0       3087   myrtc.o
       460         20      14384          2         10       3429   rtc.o
      1136        134      14408          0          0       3250   solar.o
        36          8        236          0       1024        860   startup_stm32f10x_md.o
        56         10          0          0          0       2307   stm32f10x_bkp.o
       304          0          0          0          0       3808   stm32f10x_gpio.o
        26          0          0          0          0       3722   stm32f10x_it.o
        12          6          0          0          0        538   stm32f10x_pwr.o
       416         52          0         20          0       6885   stm32f10x_rcc.o
       228         42          0          0          0       4857   stm32f10x_rtc.o
       252         42          0          0          0       4290   stm32f10x_tim.o
       472          6          0          0          0       7067   stm32f10x_usart.o
       180          0          0          0          0        566   sys.o
       328         28          0         20          0       2193   system_stm32f10x.o
       248         24          0          6          0       1501   time1.o
        26          0          0          0          0        446   time2.o
      1064        140          0         42       1328       4760   usart3.o

    ----------------------------------------------------------------------
     15496       1184      44212        184       2620     358122   Object Totals
         0          0         32          0          0          0   (incl. Generated)
        24          0          2          1          2          0   (incl. Padding)

    ----------------------------------------------------------------------

      Code (inc. data)   RO Data    RW Data    ZI Data      Debug   Library Member Name

        12          0          0          0          0         68   dunder.o
       148          4          0          0          0         88   fmod.o
        28          0          0          0          0         68   _chval.o
       158          0          0          0          0         92   _strtoul.o
        26          0          0          0          0         80   atoi.o
         8          4        133          0          0         68   ctype_o.o
         0          0          0          0          0          0   entry.o
         0          0          0          0          0          0   entry10a.o
         0          0          0          0          0          0   entry11a.o
         4          0          0          0          0          0   entry12b.o
         8          4          0          0          0          0   entry2.o
         4          0          0          0          0          0   entry5.o
         0          0          0          0          0          0   entry7b.o
         0          0          0          0          0          0   entry8b.o
         8          4          0          0          0          0   entry9a.o
        20         10          0          4          0        136   errno.o
        30          0          0          0          0          0   handlers.o
        36          8          0          0          0         68   init.o
         0          0          0          0          0          0   iusefp.o
        30          0          0          0          0         68   llshl.o
        36          0          0          0          0         68   llsshr.o
        32          0          0          0          0         68   llushr.o
       140          6         12          0          0         76   localtime_i.o
        12          6          0          0         44         68   localtime_w.o
        36          0          0          0          0         68   memcpya.o
       168         18         12          0          0         80   mktime.o
      2272         92          0          0          0        612   printfa.o
        28          0          0          0          0         76   strcmp.o
        14          0          0          0          0         68   strlen.o
        36          0          0          0          0         80   strstr.o
       112          0          0          0          0         88   strtol.o
        44          0          0          0          0         80   uidiv.o
        98          0          0          0          0         92   uldiv.o
        48          0          0          0          0         68   cdcmple.o
        48          0          0          0          0         68   cdrcmple.o
       334          0          0          0          0        148   dadd.o
       222          0          0          0          0        100   ddiv.o
       186          0          0          0          0        176   depilogue.o
        48          0          0          0          0         68   dfixul.o
        34          0          0          0          0         76   dflti.o
       228          0          0          0          0         96   dmul.o
       134          0          0          0          0         96   drem.o
        38          0          0          0          0         68   f2d.o
       124          0          0          0          0         88   fdiv.o
       110          0          0          0          0        168   fepilogue.o
        40          0          0          0          0         68   ffixui.o
        10          0          0          0          0         68   ffltui.o

    ----------------------------------------------------------------------
      5160        156        160          4         48       3616   Library Totals
         8          0          3          0          4          0   (incl. Padding)

    ----------------------------------------------------------------------

      Code (inc. data)   RO Data    RW Data    ZI Data      Debug   Library Name

       160          4          0          0          0        156   m_ws.l
      3388        152        157          4         44       2104   mc_w.l
      1604          0          0          0          0       1356   mf_w.l

    ----------------------------------------------------------------------
      5160        156        160          4         48       3616   Library Totals

    ----------------------------------------------------------------------

==============================================================================


      Code (inc. data)   RO Data    RW Data    ZI Data      Debug   

     20656       1340      44372        188       2668     352842   Grand Totals
     20656       1340      44372        188       2668     352842   ELF Image Totals
     20656       1340      44372        188          0          0   ROM Totals

==============================================================================

    Total RO  Size (Code + RO Data)                65028 (  63.50kB)
    Total RW  Size (RW Data + ZI Data)              2856 (   2.79kB)
    Total ROM Size (Code + RO Data + RW Data)      65216 (  63.69kB)

==============================================================================

